650 unique couples
111 seroconversions
82 index partners have valid p24 sequence data
82 index partners with seroconverting partners have valid p24 sequence data
42 couples have valid p24 sequence data for both partners
36 couples with valid p24 sequence data for both partners have a genetic distance < 0.05 subs/site
35 couples with valid p24 sequence data for both partners have a genetic distance < 0.03203143723912861 subs/site
96 index partners have valid gp41 sequence data
96 index partners with seroconverting partners have valid gp41 sequence data
60 couples have valid gp41 sequence data for both partners
51 couples with valid gp41 sequence data for both partners have a genetic distance < 0.05 subs/site
52 couples with valid gp41 sequence data for both partners have a genetic distance < 0.05726066702004122 subs/site
9 seroconversions with index LLV
8 index partners with LLV have valid p24 sequence data
8 index partners with LLV with seroconverting partners have valid p24 sequence data
5 couples with index LLV have valid p24 sequence data for both partners
3 couples with index LLV with valid p24 sequence data for both partners have a genetic distance < 0.05 subs/site
3 couples with index LLV with valid p24 sequence data for both partners have a genetic distance < 0.03203143723912861 subs/site
8 index partners with LLV have valid gp41 sequence data
8 index partners with LLV with seroconverting partners have valid gp41 sequence data
7 couples with index LLV have valid gp41 sequence data for both partners
5 couples with index LLV with valid gp41 sequence data for both partners have a genetic distance < 0.05 subs/site
5 couples with index LLV with valid gp41 sequence data for both partners have a genetic distance < 0.05726066702004122 subs/site
3 seroconversions with index with VL<200
1 index partners with VL<200 have valid p24 sequence data
1 index partners with VL<200 with seroconverting partners have valid p24 sequence data
1 couples with index with VL<200 have valid p24 sequence data for both partners
0 couples with index with VL<200 with valid p24 sequence data for both partners have a genetic distance < 0.05 subs/site
0 couples with index with VL<200 with valid p24 sequence data for both partners have a genetic distance < 0.03203143723912861 subs/site
1 index partners with VL<200 have valid gp41 sequence data
1 index partners with VL<200 with seroconverting partners have valid gp41 sequence data
1 couples with index with VL<200 have valid gp41 sequence data for both partners
0 couples with index with VL<200 with valid gp41 sequence data for both partners have a genetic distance < 0.05 subs/site
0 couples with index with VL<200 with valid gp41 sequence data for both partners have a genetic distance < 0.05726066702004122 subs/site
