Namespace(copiesDat='data/mock/MOCK_copies.tsv', periodDat='data/mock/MOCK_periods.tsv', stan='stan/vl_trans.stan', transVL='prox', transForm='ve', vSuprMin=0.0, vSuprMax=40.0, vWin=4, linkedPeriods='data/mock/MOCK_linkage_sum_simple.tsv', allowSaturation=1, c=1, label='MOCK')
Fitting VL model to 4812 pre-treatment viral load measurements taken from 4075 individuals of which 4181 are above the LOD.
Fitting transmission rate model to 68 seroconversions accumulated over 1082.3810982819268 couple-years of follow-up during 752 coupling periods among 752 couples
Using the proximal model for the relationship between viral load and transmission rate
Assuming that viral load measurements are valid for a 4 year window around the observed date
11:22:57 - cmdstanpy - INFO - Chain [1] start processing
11:22:57 - cmdstanpy - INFO - Chain [2] start processing
11:22:57 - cmdstanpy - INFO - Chain [3] start processing
11:22:57 - cmdstanpy - INFO - Chain [4] start processing
Chain [2] method = sample (Default)
Chain [2] sample
Chain [3] method = sample (Default)Chain [2] num_samples = 2500

Chain [2] num_warmup = 2500
Chain [3] sample
Chain [3] num_samples = 2500Chain [2] save_warmup = false (Default)

Chain [2] thin = 1 (Default)
Chain [3] num_warmup = 2500
Chain [2] adapt
Chain [2] engaged = true (Default)
Chain [2] gamma = 0.05 (Default)
Chain [3] save_warmup = false (Default)Chain [2] delta = 0.8 (Default)

Chain [2] kappa = 0.75 (Default)
Chain [2] t0 = 10 (Default)
Chain [3] thin = 1 (Default)
Chain [3] adapt
Chain [3] engaged = true (Default)Chain [2] init_buffer = 75 (Default)
Chain [2] term_buffer = 50 (Default)

Chain [2] window = 25 (Default)
Chain [3] gamma = 0.05 (Default)
Chain [2] save_metric = false (Default)
Chain [2] algorithm = hmc (Default)Chain [3] delta = 0.8 (Default)
Chain [3] kappa = 0.75 (Default)

Chain [3] t0 = 10 (Default)
Chain [2] hmcChain [3] init_buffer = 75 (Default)
Chain [3] term_buffer = 50 (Default)

Chain [3] window = 25 (Default)
Chain [3] save_metric = false (Default)
Chain [3] algorithm = hmc (Default)
Chain [3] hmc
Chain [3] engine = nuts (Default)
Chain [2] engine = nuts (Default)
Chain [3] nuts
Chain [3] max_depth = 10 (Default)
Chain [2] nuts
Chain [2] max_depth = 10 (Default)
Chain [2] metric = diag_e (Default)Chain [3] metric = diag_e (Default)

Chain [3] metric_file =  (Default)
Chain [2] metric_file =  (Default)
Chain [2] stepsize = 1 (Default)
Chain [2] stepsize_jitter = 0 (Default)
Chain [3] stepsize = 1 (Default)
Chain [3] stepsize_jitter = 0 (Default)
Chain [2] num_chains = 1 (Default)Chain [3] num_chains = 1 (Default)
Chain [3] id = 3
Chain [3] data

Chain [3] file = /var/folders/ng/kyfdmtj54bbc_0vg2nh3lthr0000gn/T/tmput7ignhy/wt33elwc.json
Chain [3] init = /var/folders/ng/kyfdmtj54bbc_0vg2nh3lthr0000gn/T/tmput7ignhy/_r2z70ms.json
Chain [3] random
Chain [3] seed = 10080
Chain [3] output
Chain [3] file = /Users/michael/Dropbox/hiv_low_level_viremia/hiv_low_level_viremia_clean/output/MOCK/vl_trans-20260921112257_3.csv
Chain [3] diagnostic_file =  (Default)
Chain [3] refresh = 100 (Default)
Chain [3] sig_figs = 8 (Default)
Chain [3] profile_file = profile.csv (Default)
Chain [3] save_cmdstan_config = false (Default)
Chain [3] num_threads = 1 (Default)
Chain [3] Chain [2] id = 2
Chain [2] data
Chain [2] file = /var/folders/ng/kyfdmtj54bbc_0vg2nh3lthr0000gn/T/tmput7ignhy/wt33elwc.json
Chain [2] init = /var/folders/ng/kyfdmtj54bbc_0vg2nh3lthr0000gn/T/tmput7ignhy/_r2z70ms.json
Chain [2] random
Chain [2] seed = 10080
Chain [4] method = sample (Default)

Chain [2] outputChain [4] sample

Chain [4] num_samples = 2500Chain [2] file = /Users/michael/Dropbox/hiv_low_level_viremia/hiv_low_level_viremia_clean/output/MOCK/vl_trans-20260921112257_2.csv

Chain [2] diagnostic_file =  (Default)
Chain [2] refresh = 100 (Default)
Chain [2] sig_figs = 8 (Default)
Chain [2] profile_file = profile.csv (Default)
Chain [4] num_warmup = 2500
Chain [2] save_cmdstan_config = false (Default)
Chain [4] save_warmup = false (Default)Chain [2] num_threads = 1 (Default)

Chain [2] Chain [4] thin = 1 (Default)

Chain [4] adapt
Chain [4] engaged = true (Default)
Chain [4] gamma = 0.05 (Default)
Chain [4] delta = 0.8 (Default)
Chain [4] kappa = 0.75 (Default)
Chain [4] t0 = 10 (Default)
Chain [4] init_buffer = 75 (Default)
Chain [4] term_buffer = 50 (Default)
Chain [4] window = 25 (Default)
Chain [4] save_metric = false (Default)
Chain [4] algorithm = hmc (Default)
Chain [4] hmc
Chain [4] engine = nuts (Default)
Chain [4] nuts
Chain [4] max_depth = 10 (Default)
Chain [4] metric = diag_e (Default)
Chain [4] metric_file =  (Default)
Chain [4] stepsize = 1 (Default)
Chain [4] stepsize_jitter = 0 (Default)
Chain [4] num_chains = 1 (Default)
Chain [4] id = 4
Chain [4] data
Chain [4] file = /var/folders/ng/kyfdmtj54bbc_0vg2nh3lthr0000gn/T/tmput7ignhy/wt33elwc.json
Chain [4] init = /var/folders/ng/kyfdmtj54bbc_0vg2nh3lthr0000gn/T/tmput7ignhy/_r2z70ms.json
Chain [4] random
Chain [4] seed = 10080
Chain [4] output
Chain [4] file = /Users/michael/Dropbox/hiv_low_level_viremia/hiv_low_level_viremia_clean/output/MOCK/vl_trans-20260921112257_4.csv
Chain [4] diagnostic_file =  (Default)
Chain [4] refresh = 100 (Default)
Chain [4] sig_figs = 8 (Default)
Chain [4] profile_file = profile.csv (Default)
Chain [4] save_cmdstan_config = false (Default)
Chain [4] num_threads = 1 (Default)
Chain [4] 
Chain [1] method = sample (Default)
Chain [1] sample
Chain [1] num_samples = 2500
Chain [1] num_warmup = 2500
Chain [1] save_warmup = false (Default)
Chain [1] thin = 1 (Default)
Chain [1] adapt
Chain [1] engaged = true (Default)
Chain [1] gamma = 0.05 (Default)
Chain [1] delta = 0.8 (Default)
Chain [1] kappa = 0.75 (Default)
Chain [1] t0 = 10 (Default)
Chain [1] init_buffer = 75 (Default)
Chain [1] term_buffer = 50 (Default)
Chain [1] window = 25 (Default)
Chain [1] save_metric = false (Default)
Chain [1] algorithm = hmc (Default)
Chain [1] hmc
Chain [1] engine = nuts (Default)
Chain [1] nuts
Chain [1] max_depth = 10 (Default)
Chain [1] metric = diag_e (Default)
Chain [1] metric_file =  (Default)
Chain [1] stepsize = 1 (Default)
Chain [1] stepsize_jitter = 0 (Default)
Chain [1] num_chains = 1 (Default)
Chain [1] id = 1 (Default)
Chain [1] data
Chain [1] file = /var/folders/ng/kyfdmtj54bbc_0vg2nh3lthr0000gn/T/tmput7ignhy/wt33elwc.json
Chain [1] init = /var/folders/ng/kyfdmtj54bbc_0vg2nh3lthr0000gn/T/tmput7ignhy/_r2z70ms.json
Chain [1] random
Chain [1] seed = 10080
Chain [1] output
Chain [1] file = /Users/michael/Dropbox/hiv_low_level_viremia/hiv_low_level_viremia_clean/output/MOCK/vl_trans-20260921112257_1.csv
Chain [1] diagnostic_file =  (Default)
Chain [1] refresh = 100 (Default)
Chain [1] sig_figs = 8 (Default)
Chain [1] profile_file = profile.csv (Default)
Chain [1] save_cmdstan_config = false (Default)
Chain [1] num_threads = 1 (Default)
Chain [1] 
Chain [2] 
Chain [2] Gradient evaluation took 0.002845 seconds
Chain [2] 1000 transitions using 10 leapfrog steps per transition would take 28.45 seconds.
Chain [2] Adjust your expectations accordingly!
Chain [2] 
Chain [2] 
Chain [3] 
Chain [3] Gradient evaluation took 0.002627 seconds
Chain [3] 1000 transitions using 10 leapfrog steps per transition would take 26.27 seconds.
Chain [3] Adjust your expectations accordingly!
Chain [3] 
Chain [3] 
Chain [4] 
Chain [4] Gradient evaluation took 0.002654 seconds
Chain [4] 1000 transitions using 10 leapfrog steps per transition would take 26.54 seconds.
Chain [4] Adjust your expectations accordingly!
Chain [4] 
Chain [4] 
Chain [2] Informational Message: The current Metropolis proposal is about to be rejected because of the following issue:
Chain [2] Exception: normal_lcdf: Scale parameter is 0, but must be positive! (in 'vl_trans.stan', line 517, column 6 to column 95)
Chain [2] If this warning occurs sporadically, such as for highly constrained variable types like covariance matrices, then the sampler is fine,
Chain [2] but if this warning occurs often then your model may be either severely ill-conditioned or misspecified.
Chain [2] 
Chain [1] 
Chain [1] Gradient evaluation took 0.002683 seconds
Chain [1] 1000 transitions using 10 leapfrog steps per transition would take 26.83 seconds.
Chain [1] Adjust your expectations accordingly!
Chain [1] 
Chain [1] 
Chain [3] Informational Message: The current Metropolis proposal is about to be rejected because of the following issue:
Chain [3] Exception: normal_lcdf: Scale parameter is 0, but must be positive! (in 'vl_trans.stan', line 517, column 6 to column 95)
Chain [3] If this warning occurs sporadically, such as for highly constrained variable types like covariance matrices, then the sampler is fine,
Chain [3] but if this warning occurs often then your model may be either severely ill-conditioned or misspecified.
Chain [3] 
Chain [4] Informational Message: The current Metropolis proposal is about to be rejected because of the following issue:
Chain [4] Exception: normal_lcdf: Scale parameter is 0, but must be positive! (in 'vl_trans.stan', line 517, column 6 to column 95)
Chain [4] If this warning occurs sporadically, such as for highly constrained variable types like covariance matrices, then the sampler is fine,
Chain [4] but if this warning occurs often then your model may be either severely ill-conditioned or misspecified.
Chain [4] 
Chain [2] Informational Message: The current Metropolis proposal is about to be rejected because of the following issue:
Chain [2] Exception: normal_lcdf: Scale parameter is 0, but must be positive! (in 'vl_trans.stan', line 517, column 6 to column 95)
Chain [2] If this warning occurs sporadically, such as for highly constrained variable types like covariance matrices, then the sampler is fine,
Chain [2] but if this warning occurs often then your model may be either severely ill-conditioned or misspecified.
Chain [2] 
Chain [3] Informational Message: The current Metropolis proposal is about to be rejected because of the following issue:
Chain [3] Exception: normal_lcdf: Scale parameter is 0, but must be positive! (in 'vl_trans.stan', line 517, column 6 to column 95)
Chain [1] Informational Message: The current Metropolis proposal is about to be rejected because of the following issue:
Chain [1] Exception: normal_lcdf: Scale parameter is 0, but must be positive! (in 'vl_trans.stan', line 517, column 6 to column 95)
Chain [3] If this warning occurs sporadically, such as for highly constrained variable types like covariance matrices, then the sampler is fine,
Chain [3] but if this warning occurs often then your model may be either severely ill-conditioned or misspecified.
Chain [1] If this warning occurs sporadically, such as for highly constrained variable types like covariance matrices, then the sampler is fine,
Chain [1] but if this warning occurs often then your model may be either severely ill-conditioned or misspecified.
Chain [1] Chain [3] 

Chain [4] Informational Message: The current Metropolis proposal is about to be rejected because of the following issue:
Chain [4] Exception: normal_lcdf: Scale parameter is 0, but must be positive! (in 'vl_trans.stan', line 517, column 6 to column 95)
Chain [4] If this warning occurs sporadically, such as for highly constrained variable types like covariance matrices, then the sampler is fine,
Chain [4] but if this warning occurs often then your model may be either severely ill-conditioned or misspecified.
Chain [4] 
Chain [1] Informational Message: The current Metropolis proposal is about to be rejected because of the following issue:
Chain [1] Exception: normal_lcdf: Scale parameter is 0, but must be positive! (in 'vl_trans.stan', line 517, column 6 to column 95)
Chain [1] If this warning occurs sporadically, such as for highly constrained variable types like covariance matrices, then the sampler is fine,
Chain [1] but if this warning occurs often then your model may be either severely ill-conditioned or misspecified.
Chain [1] 
Chain [2] Iteration:    1 / 5000 [  0%]  (Warmup)
Chain [4] Iteration:    1 / 5000 [  0%]  (Warmup)
Chain [3] Iteration:    1 / 5000 [  0%]  (Warmup)
Chain [1] Iteration:    1 / 5000 [  0%]  (Warmup)
Chain [2] Informational Message: The current Metropolis proposal is about to be rejected because of the following issue:
Chain [2] Exception: normal_lcdf: Location parameter is inf, but must be finite! (in 'vl_trans.stan', line 517, column 6 to column 95)
Chain [2] If this warning occurs sporadically, such as for highly constrained variable types like covariance matrices, then the sampler is fine,
Chain [2] but if this warning occurs often then your model may be either severely ill-conditioned or misspecified.
Chain [2] 
Chain [2] Informational Message: The current Metropolis proposal is about to be rejected because of the following issue:
Chain [2] Exception: beta_lpdf: Random variable is nan, but must be in the interval [0, 1] (in 'vl_trans.stan', line 927, column 4 to column 125)
Chain [2] If this warning occurs sporadically, such as for highly constrained variable types like covariance matrices, then the sampler is fine,
Chain [2] but if this warning occurs often then your model may be either severely ill-conditioned or misspecified.
Chain [2] 
Chain [3] Informational Message: The current Metropolis proposal is about to be rejected because of the following issue:
Chain [3] Exception: normal_lcdf: Location parameter is inf, but must be finite! (in 'vl_trans.stan', line 517, column 6 to column 95)
Chain [3] If this warning occurs sporadically, such as for highly constrained variable types like covariance matrices, then the sampler is fine,
Chain [3] but if this warning occurs often then your model may be either severely ill-conditioned or misspecified.
Chain [3] 
Chain [1] Informational Message: The current Metropolis proposal is about to be rejected because of the following issue:
Chain [1] Exception: normal_lcdf: Location parameter is inf, but must be finite! (in 'vl_trans.stan', line 517, column 6 to column 95)
Chain [1] If this warning occurs sporadically, such as for highly constrained variable types like covariance matrices, then the sampler is fine,
Chain [1] but if this warning occurs often then your model may be either severely ill-conditioned or misspecified.
Chain [1] 
Chain [1] Informational Message: The current Metropolis proposal is about to be rejected because of the following issue:
Chain [1] Exception: normal_lcdf: Scale parameter is 0, but must be positive! (in 'vl_trans.stan', line 517, column 6 to column 95)
Chain [1] If this warning occurs sporadically, such as for highly constrained variable types like covariance matrices, then the sampler is fine,
Chain [1] but if this warning occurs often then your model may be either severely ill-conditioned or misspecified.
Chain [1] 
Chain [4] Informational Message: The current Metropolis proposal is about to be rejected because of the following issue:
Chain [4] Exception: Exception: normal_lcdf: Location parameter is inf, but must be finite! (in 'vl_trans.stan', line 35, column 4 to column 52) (in 'vl_trans.stan', line 566, column 2 to line 567, column 106)
Chain [4] If this warning occurs sporadically, such as for highly constrained variable types like covariance matrices, then the sampler is fine,
Chain [4] but if this warning occurs often then your model may be either severely ill-conditioned or misspecified.
Chain [4] 
Chain [4] Informational Message: The current Metropolis proposal is about to be rejected because of the following issue:
Chain [4] Exception: lognormal_lpdf: Scale parameter[1] is inf, but must be positive finite! (in 'vl_trans.stan', line 949, column 2 to line 952, column 54)
Chain [4] If this warning occurs sporadically, such as for highly constrained variable types like covariance matrices, then the sampler is fine,
Chain [4] but if this warning occurs often then your model may be either severely ill-conditioned or misspecified.
Chain [4] 
Chain [4] Iteration:  100 / 5000 [  2%]  (Warmup)
Chain [1] Iteration:  100 / 5000 [  2%]  (Warmup)
Chain [2] Iteration:  100 / 5000 [  2%]  (Warmup)
Chain [3] Iteration:  100 / 5000 [  2%]  (Warmup)
Chain [1] Iteration:  200 / 5000 [  4%]  (Warmup)
Chain [4] Iteration:  200 / 5000 [  4%]  (Warmup)
Chain [3] Iteration:  200 / 5000 [  4%]  (Warmup)
Chain [2] Iteration:  200 / 5000 [  4%]  (Warmup)
Chain [1] Iteration:  300 / 5000 [  6%]  (Warmup)
Chain [4] Iteration:  300 / 5000 [  6%]  (Warmup)
Chain [3] Iteration:  300 / 5000 [  6%]  (Warmup)
Chain [2] Iteration:  300 / 5000 [  6%]  (Warmup)
Chain [3] Iteration:  400 / 5000 [  8%]  (Warmup)
Chain [1] Iteration:  400 / 5000 [  8%]  (Warmup)
Chain [2] Iteration:  400 / 5000 [  8%]  (Warmup)
Chain [4] Iteration:  400 / 5000 [  8%]  (Warmup)
Chain [3] Iteration:  500 / 5000 [ 10%]  (Warmup)
Chain [1] Iteration:  500 / 5000 [ 10%]  (Warmup)
Chain [2] Iteration:  500 / 5000 [ 10%]  (Warmup)
Chain [4] Iteration:  500 / 5000 [ 10%]  (Warmup)
Chain [3] Iteration:  600 / 5000 [ 12%]  (Warmup)
Chain [1] Iteration:  600 / 5000 [ 12%]  (Warmup)
Chain [2] Iteration:  600 / 5000 [ 12%]  (Warmup)
Chain [4] Iteration:  600 / 5000 [ 12%]  (Warmup)
Chain [3] Iteration:  700 / 5000 [ 14%]  (Warmup)
Chain [2] Iteration:  700 / 5000 [ 14%]  (Warmup)
Chain [1] Iteration:  700 / 5000 [ 14%]  (Warmup)
Chain [2] Iteration:  800 / 5000 [ 16%]  (Warmup)
Chain [4] Iteration:  700 / 5000 [ 14%]  (Warmup)
Chain [3] Iteration:  800 / 5000 [ 16%]  (Warmup)
Chain [1] Iteration:  800 / 5000 [ 16%]  (Warmup)
Chain [2] Iteration:  900 / 5000 [ 18%]  (Warmup)
Chain [4] Iteration:  800 / 5000 [ 16%]  (Warmup)
Chain [3] Iteration:  900 / 5000 [ 18%]  (Warmup)
Chain [1] Iteration:  900 / 5000 [ 18%]  (Warmup)
Chain [2] Iteration: 1000 / 5000 [ 20%]  (Warmup)
Chain [3] Iteration: 1000 / 5000 [ 20%]  (Warmup)
Chain [4] Iteration:  900 / 5000 [ 18%]  (Warmup)
Chain [2] Iteration: 1100 / 5000 [ 22%]  (Warmup)
Chain [1] Iteration: 1000 / 5000 [ 20%]  (Warmup)
Chain [3] Iteration: 1100 / 5000 [ 22%]  (Warmup)
Chain [2] Iteration: 1200 / 5000 [ 24%]  (Warmup)
Chain [4] Iteration: 1000 / 5000 [ 20%]  (Warmup)
Chain [1] Iteration: 1100 / 5000 [ 22%]  (Warmup)
Chain [3] Iteration: 1200 / 5000 [ 24%]  (Warmup)
Chain [2] Iteration: 1300 / 5000 [ 26%]  (Warmup)
Chain [1] Iteration: 1200 / 5000 [ 24%]  (Warmup)
Chain [3] Iteration: 1300 / 5000 [ 26%]  (Warmup)
Chain [4] Iteration: 1100 / 5000 [ 22%]  (Warmup)
Chain [2] Iteration: 1400 / 5000 [ 28%]  (Warmup)
Chain [1] Iteration: 1300 / 5000 [ 26%]  (Warmup)
Chain [3] Iteration: 1400 / 5000 [ 28%]  (Warmup)
Chain [2] Iteration: 1500 / 5000 [ 30%]  (Warmup)
Chain [4] Iteration: 1200 / 5000 [ 24%]  (Warmup)
Chain [3] Iteration: 1500 / 5000 [ 30%]  (Warmup)
Chain [1] Iteration: 1400 / 5000 [ 28%]  (Warmup)
Chain [2] Iteration: 1600 / 5000 [ 32%]  (Warmup)
Chain [4] Iteration: 1300 / 5000 [ 26%]  (Warmup)
Chain [3] Iteration: 1600 / 5000 [ 32%]  (Warmup)
Chain [2] Iteration: 1700 / 5000 [ 34%]  (Warmup)
Chain [1] Iteration: 1500 / 5000 [ 30%]  (Warmup)
Chain [4] Iteration: 1400 / 5000 [ 28%]  (Warmup)
Chain [2] Iteration: 1800 / 5000 [ 36%]  (Warmup)
Chain [3] Iteration: 1700 / 5000 [ 34%]  (Warmup)
Chain [1] Iteration: 1600 / 5000 [ 32%]  (Warmup)
Chain [2] Iteration: 1900 / 5000 [ 38%]  (Warmup)
Chain [3] Iteration: 1800 / 5000 [ 36%]  (Warmup)
Chain [4] Iteration: 1500 / 5000 [ 30%]  (Warmup)
Chain [1] Iteration: 1700 / 5000 [ 34%]  (Warmup)
Chain [2] Iteration: 2000 / 5000 [ 40%]  (Warmup)
Chain [3] Iteration: 1900 / 5000 [ 38%]  (Warmup)
Chain [2] Iteration: 2100 / 5000 [ 42%]  (Warmup)
Chain [1] Iteration: 1800 / 5000 [ 36%]  (Warmup)
Chain [4] Iteration: 1600 / 5000 [ 32%]  (Warmup)
Chain [3] Iteration: 2000 / 5000 [ 40%]  (Warmup)
Chain [2] Iteration: 2200 / 5000 [ 44%]  (Warmup)
Chain [1] Iteration: 1900 / 5000 [ 38%]  (Warmup)
Chain [3] Iteration: 2100 / 5000 [ 42%]  (Warmup)
Chain [4] Iteration: 1700 / 5000 [ 34%]  (Warmup)
Chain [2] Iteration: 2300 / 5000 [ 46%]  (Warmup)
Chain [1] Iteration: 2000 / 5000 [ 40%]  (Warmup)
Chain [3] Iteration: 2200 / 5000 [ 44%]  (Warmup)
Chain [2] Iteration: 2400 / 5000 [ 48%]  (Warmup)
Chain [4] Iteration: 1800 / 5000 [ 36%]  (Warmup)
Chain [3] Iteration: 2300 / 5000 [ 46%]  (Warmup)
Chain [1] Iteration: 2100 / 5000 [ 42%]  (Warmup)
Chain [2] Iteration: 2500 / 5000 [ 50%]  (Warmup)
Chain [2] Iteration: 2501 / 5000 [ 50%]  (Sampling)
Chain [4] Iteration: 1900 / 5000 [ 38%]  (Warmup)
Chain [3] Iteration: 2400 / 5000 [ 48%]  (Warmup)
Chain [2] Iteration: 2600 / 5000 [ 52%]  (Sampling)
Chain [1] Iteration: 2200 / 5000 [ 44%]  (Warmup)
Chain [4] Iteration: 2000 / 5000 [ 40%]  (Warmup)
Chain [3] Iteration: 2500 / 5000 [ 50%]  (Warmup)
Chain [3] Iteration: 2501 / 5000 [ 50%]  (Sampling)
Chain [2] Iteration: 2700 / 5000 [ 54%]  (Sampling)
Chain [1] Iteration: 2300 / 5000 [ 46%]  (Warmup)
Chain [3] Iteration: 2600 / 5000 [ 52%]  (Sampling)
Chain [2] Iteration: 2800 / 5000 [ 56%]  (Sampling)
Chain [4] Iteration: 2100 / 5000 [ 42%]  (Warmup)
Chain [1] Iteration: 2400 / 5000 [ 48%]  (Warmup)
Chain [3] Iteration: 2700 / 5000 [ 54%]  (Sampling)
Chain [2] Iteration: 2900 / 5000 [ 58%]  (Sampling)
Chain [4] Iteration: 2200 / 5000 [ 44%]  (Warmup)
Chain [1] Iteration: 2500 / 5000 [ 50%]  (Warmup)
Chain [1] Iteration: 2501 / 5000 [ 50%]  (Sampling)
Chain [3] Iteration: 2800 / 5000 [ 56%]  (Sampling)
Chain [2] Iteration: 3000 / 5000 [ 60%]  (Sampling)
Chain [1] Iteration: 2600 / 5000 [ 52%]  (Sampling)
Chain [3] Iteration: 2900 / 5000 [ 58%]  (Sampling)
Chain [2] Iteration: 3100 / 5000 [ 62%]  (Sampling)
Chain [4] Iteration: 2300 / 5000 [ 46%]  (Warmup)
Chain [1] Iteration: 2700 / 5000 [ 54%]  (Sampling)
Chain [3] Iteration: 3000 / 5000 [ 60%]  (Sampling)
Chain [2] Iteration: 3200 / 5000 [ 64%]  (Sampling)
Chain [4] Iteration: 2400 / 5000 [ 48%]  (Warmup)
Chain [1] Iteration: 2800 / 5000 [ 56%]  (Sampling)
Chain [3] Iteration: 3100 / 5000 [ 62%]  (Sampling)
Chain [2] Iteration: 3300 / 5000 [ 66%]  (Sampling)
Chain [1] Iteration: 2900 / 5000 [ 58%]  (Sampling)
Chain [3] Iteration: 3200 / 5000 [ 64%]  (Sampling)
Chain [2] Iteration: 3400 / 5000 [ 68%]  (Sampling)
Chain [4] Iteration: 2500 / 5000 [ 50%]  (Warmup)
Chain [4] Iteration: 2501 / 5000 [ 50%]  (Sampling)
Chain [1] Iteration: 3000 / 5000 [ 60%]  (Sampling)
Chain [3] Iteration: 3300 / 5000 [ 66%]  (Sampling)
Chain [2] Iteration: 3500 / 5000 [ 70%]  (Sampling)
Chain [4] Iteration: 2600 / 5000 [ 52%]  (Sampling)
Chain [1] Iteration: 3100 / 5000 [ 62%]  (Sampling)
Chain [3] Iteration: 3400 / 5000 [ 68%]  (Sampling)
Chain [2] Iteration: 3600 / 5000 [ 72%]  (Sampling)
Chain [4] Iteration: 2700 / 5000 [ 54%]  (Sampling)
Chain [1] Iteration: 3200 / 5000 [ 64%]  (Sampling)
Chain [3] Iteration: 3500 / 5000 [ 70%]  (Sampling)
Chain [2] Iteration: 3700 / 5000 [ 74%]  (Sampling)
Chain [4] Iteration: 2800 / 5000 [ 56%]  (Sampling)
Chain [1] Iteration: 3300 / 5000 [ 66%]  (Sampling)
Chain [3] Iteration: 3600 / 5000 [ 72%]  (Sampling)
Chain [2] Iteration: 3800 / 5000 [ 76%]  (Sampling)
Chain [4] Iteration: 2900 / 5000 [ 58%]  (Sampling)
Chain [1] Iteration: 3400 / 5000 [ 68%]  (Sampling)
Chain [3] Iteration: 3700 / 5000 [ 74%]  (Sampling)
Chain [2] Iteration: 3900 / 5000 [ 78%]  (Sampling)
Chain [4] Iteration: 3000 / 5000 [ 60%]  (Sampling)
Chain [1] Iteration: 3500 / 5000 [ 70%]  (Sampling)
Chain [3] Iteration: 3800 / 5000 [ 76%]  (Sampling)
Chain [2] Iteration: 4000 / 5000 [ 80%]  (Sampling)
Chain [4] Iteration: 3100 / 5000 [ 62%]  (Sampling)
Chain [1] Iteration: 3600 / 5000 [ 72%]  (Sampling)
Chain [3] Iteration: 3900 / 5000 [ 78%]  (Sampling)
Chain [2] Iteration: 4100 / 5000 [ 82%]  (Sampling)
Chain [4] Iteration: 3200 / 5000 [ 64%]  (Sampling)
Chain [1] Iteration: 3700 / 5000 [ 74%]  (Sampling)
Chain [3] Iteration: 4000 / 5000 [ 80%]  (Sampling)
Chain [2] Iteration: 4200 / 5000 [ 84%]  (Sampling)
Chain [4] Iteration: 3300 / 5000 [ 66%]  (Sampling)
Chain [1] Iteration: 3800 / 5000 [ 76%]  (Sampling)
Chain [3] Iteration: 4100 / 5000 [ 82%]  (Sampling)
Chain [2] Iteration: 4300 / 5000 [ 86%]  (Sampling)
Chain [4] Iteration: 3400 / 5000 [ 68%]  (Sampling)
Chain [1] Iteration: 3900 / 5000 [ 78%]  (Sampling)
Chain [3] Iteration: 4200 / 5000 [ 84%]  (Sampling)
Chain [2] Iteration: 4400 / 5000 [ 88%]  (Sampling)
Chain [4] Iteration: 3500 / 5000 [ 70%]  (Sampling)
Chain [1] Iteration: 4000 / 5000 [ 80%]  (Sampling)
Chain [3] Iteration: 4300 / 5000 [ 86%]  (Sampling)
Chain [2] Iteration: 4500 / 5000 [ 90%]  (Sampling)
Chain [4] Iteration: 3600 / 5000 [ 72%]  (Sampling)
Chain [1] Iteration: 4100 / 5000 [ 82%]  (Sampling)
Chain [3] Iteration: 4400 / 5000 [ 88%]  (Sampling)
Chain [2] Iteration: 4600 / 5000 [ 92%]  (Sampling)
Chain [4] Iteration: 3700 / 5000 [ 74%]  (Sampling)
Chain [1] Iteration: 4200 / 5000 [ 84%]  (Sampling)
Chain [3] Iteration: 4500 / 5000 [ 90%]  (Sampling)
Chain [2] Iteration: 4700 / 5000 [ 94%]  (Sampling)
Chain [4] Iteration: 3800 / 5000 [ 76%]  (Sampling)
Chain [1] Iteration: 4300 / 5000 [ 86%]  (Sampling)
Chain [3] Iteration: 4600 / 5000 [ 92%]  (Sampling)
Chain [2] Iteration: 4800 / 5000 [ 96%]  (Sampling)
Chain [4] Iteration: 3900 / 5000 [ 78%]  (Sampling)
Chain [1] Iteration: 4400 / 5000 [ 88%]  (Sampling)
Chain [3] Iteration: 4700 / 5000 [ 94%]  (Sampling)
Chain [2] Iteration: 4900 / 5000 [ 98%]  (Sampling)
Chain [4] Iteration: 4000 / 5000 [ 80%]  (Sampling)
Chain [1] Iteration: 4500 / 5000 [ 90%]  (Sampling)
Chain [3] Iteration: 4800 / 5000 [ 96%]  (Sampling)
Chain [4] Iteration: 4100 / 5000 [ 82%]  (Sampling)
Chain [2] Iteration: 5000 / 5000 [100%]  (Sampling)
Chain [2] 
Chain [2] Elapsed Time: 547.774 seconds (Warm-up)
Chain [2] 313.494 seconds (Sampling)
Chain [2] 861.268 seconds (Total)
Chain [2] 
Chain [2] 
11:37:18 - cmdstanpy - INFO - Chain [2] done processing
Chain [1] Iteration: 4600 / 5000 [ 92%]  (Sampling)
Chain [3] Iteration: 4900 / 5000 [ 98%]  (Sampling)
Chain [4] Iteration: 4200 / 5000 [ 84%]  (Sampling)
Chain [1] Iteration: 4700 / 5000 [ 94%]  (Sampling)
Chain [3] Iteration: 5000 / 5000 [100%]  (Sampling)
Chain [3] 
Chain [3] Elapsed Time: 573.527 seconds (Warm-up)
Chain [3] 313.418 seconds (Sampling)
Chain [3] 886.945 seconds (Total)
Chain [3] 
Chain [3] 
11:37:44 - cmdstanpy - INFO - Chain [3] done processing
Chain [4] Iteration: 4300 / 5000 [ 86%]  (Sampling)
Chain [1] Iteration: 4800 / 5000 [ 96%]  (Sampling)
Chain [4] Iteration: 4400 / 5000 [ 88%]  (Sampling)
Chain [1] Iteration: 4900 / 5000 [ 98%]  (Sampling)
Chain [4] Iteration: 4500 / 5000 [ 90%]  (Sampling)
Chain [1] Iteration: 5000 / 5000 [100%]  (Sampling)
Chain [1] 
Chain [1] Elapsed Time: 610.657 seconds (Warm-up)
Chain [1] 312.166 seconds (Sampling)
Chain [1] 922.823 seconds (Total)
Chain [1] 
Chain [1] 
11:38:20 - cmdstanpy - INFO - Chain [1] done processing
Chain [4] Iteration: 4600 / 5000 [ 92%]  (Sampling)
Chain [4] Iteration: 4700 / 5000 [ 94%]  (Sampling)
Chain [4] Iteration: 4800 / 5000 [ 96%]  (Sampling)
Chain [4] Iteration: 4900 / 5000 [ 98%]  (Sampling)
Chain [4] Iteration: 5000 / 5000 [100%]  (Sampling)
Chain [4] 
Chain [4] Elapsed Time: 662.604 seconds (Warm-up)
Chain [4] 306.787 seconds (Sampling)
Chain [4] 969.391 seconds (Total)
Chain [4] 
Chain [4] 
11:39:06 - cmdstanpy - INFO - Chain [4] done processing
11:39:06 - cmdstanpy - WARNING - Non-fatal error during sampling:
Exception: normal_lcdf: Scale parameter is 0, but must be positive! (in 'vl_trans.stan', line 517, column 6 to column 95)
	Exception: normal_lcdf: Scale parameter is 0, but must be positive! (in 'vl_trans.stan', line 517, column 6 to column 95)
	Exception: normal_lcdf: Location parameter is inf, but must be finite! (in 'vl_trans.stan', line 517, column 6 to column 95)
	Exception: normal_lcdf: Scale parameter is 0, but must be positive! (in 'vl_trans.stan', line 517, column 6 to column 95)
Exception: normal_lcdf: Scale parameter is 0, but must be positive! (in 'vl_trans.stan', line 517, column 6 to column 95)
	Exception: normal_lcdf: Scale parameter is 0, but must be positive! (in 'vl_trans.stan', line 517, column 6 to column 95)
	Exception: normal_lcdf: Location parameter is inf, but must be finite! (in 'vl_trans.stan', line 517, column 6 to column 95)
	Exception: beta_lpdf: Random variable is nan, but must be in the interval [0, 1] (in 'vl_trans.stan', line 927, column 4 to column 125)
Exception: normal_lcdf: Scale parameter is 0, but must be positive! (in 'vl_trans.stan', line 517, column 6 to column 95)
	Exception: normal_lcdf: Scale parameter is 0, but must be positive! (in 'vl_trans.stan', line 517, column 6 to column 95)
	Exception: normal_lcdf: Location parameter is inf, but must be finite! (in 'vl_trans.stan', line 517, column 6 to column 95)
Exception: normal_lcdf: Scale parameter is 0, but must be positive! (in 'vl_trans.stan', line 517, column 6 to column 95)
	Exception: normal_lcdf: Scale parameter is 0, but must be positive! (in 'vl_trans.stan', line 517, column 6 to column 95)
	Exception: Exception: normal_lcdf: Location parameter is inf, but must be finite! (in 'vl_trans.stan', line 35, column 4 to column 52) (in 'vl_trans.stan', line 566, column 2 to line 567, column 106)
	Exception: lognormal_lpdf: Scale parameter[1] is inf, but must be positive finite! (in 'vl_trans.stan', line 949, column 2 to line 952, column 54)
level_1             0.025         0.250         0.500         0.750         0.975
variable                                                                         
lp__        -20743.276500 -20519.896250 -20402.841000 -20285.193500 -20059.246175
mu_0             4.095787      4.115417      4.125395      4.135488      4.154129
omega_mu         0.582156      0.610192      0.624618      0.638693      0.665288
sigma_0          0.521568      0.548377      0.562532      0.577123      0.606140
omega_sigma      0.119419      0.199242      0.237398      0.271070      0.334920
fnr              0.029147      0.038032      0.043241      0.048586      0.059298
txr              0.073663      0.086568      0.092705      0.099192      0.110546
theta_un_tx      0.254122      0.371786      0.432313      0.492361      0.618758
mu_un_tx         2.355307      3.175749      3.402999      3.561925      3.836288
sigma_un_tx      0.437413      0.643717      0.777154      0.953294      1.450923
theta_tx         0.708181      0.716382      0.720672      0.724776      0.732927
mu_tx            3.932363      3.965675      3.982680      3.999166      4.030587
sigma_tx         0.834002      0.857445      0.870496      0.883777      0.909969
use_param1       0.000642      0.000785      0.000875      0.000979      0.001246
use_param2       0.000219      0.000884      0.001658      0.002939      0.007682
use_param3       1.000000      1.000000      1.000000      1.000000      1.000000
beta_extra       0.003516      0.006661      0.008973      0.011590      0.018137
beta_tx          0.000328      0.003258      0.006754      0.011449      0.022261
Estimated transmission rate with a viral load of 2.3 log10 copies/mL:
      0.025     0.250     0.500     0.750     0.975
0  0.005193  0.015924  0.026374  0.039628  0.067158
Estimated transmission rate with a viral load of 3 log10 copies/mL:
      0.025     0.250     0.500     0.750     0.975
0  0.023735  0.056572  0.072288  0.083756  0.102798
