11:23:57 - cmdstanpy - INFO - Chain [1] start processing
11:23:57 - cmdstanpy - INFO - Chain [2] start processing
11:23:57 - cmdstanpy - INFO - Chain [3] start processing
11:23:57 - cmdstanpy - INFO - Chain [4] start processing
Chain [2] method = sample (Default)
Chain [2] sample
Chain [2] num_samples = 2500
Chain [2] num_warmup = 2500
Chain [2] save_warmup = false (Default)
Chain [2] thin = 1 (Default)
Chain [2] adapt
Chain [2] engaged = true (Default)
Chain [2] gamma = 0.05 (Default)
Chain [2] delta = 0.8 (Default)
Chain [2] kappa = 0.75 (Default)
Chain [2] t0 = 10 (Default)
Chain [2] init_buffer = 75 (Default)
Chain [2] term_buffer = 50 (Default)
Chain [2] window = 25 (Default)
Chain [2] save_metric = false (Default)
Chain [2] algorithm = hmc (Default)
Chain [2] hmc
Chain [2] engine = nuts (Default)
Chain [2] nuts
Chain [2] max_depth = 10 (Default)
Chain [2] metric = diag_e (Default)
Chain [2] metric_file =  (Default)
Chain [2] stepsize = 1 (Default)
Chain [2] stepsize_jitter = 0 (Default)
Chain [2] num_chains = 1 (Default)
Chain [2] id = 2Chain [1] method = sample (Default)

Chain [2] data
Chain [1] sample
Chain [1] num_samples = 2500
Chain [1] num_warmup = 2500
Chain [2] file = /var/folders/ng/kyfdmtj54bbc_0vg2nh3lthr0000gn/T/tmp9wudspc6/7yst6thg.json
Chain [1] save_warmup = false (Default)
Chain [2] init = 2 (Default)
Chain [1] thin = 1 (Default)
Chain [2] random
Chain [1] adapt
Chain [2] seed = 30991
Chain [1] engaged = true (Default)
Chain [2] output
Chain [1] gamma = 0.05 (Default)Chain [2] file = /Users/michael/Dropbox/hiv_low_level_viremia/hiv_low_level_viremia_clean/output/p_finalhivP_given_finalhiv/llv_prev-20260921112357_2.csv

Chain [1] delta = 0.8 (Default)
Chain [2] diagnostic_file =  (Default)
Chain [2] refresh = 100 (Default)
Chain [2] sig_figs = 8 (Default)
Chain [2] profile_file = profile.csv (Default)
Chain [1] kappa = 0.75 (Default)
Chain [2] save_cmdstan_config = false (Default)
Chain [1] t0 = 10 (Default)
Chain [2] num_threads = 1 (Default)
Chain [1] init_buffer = 75 (Default)Chain [2] 

Chain [1] term_buffer = 50 (Default)
Chain [1] window = 25 (Default)
Chain [1] save_metric = false (Default)
Chain [1] algorithm = hmc (Default)
Chain [1] hmc
Chain [1] engine = nuts (Default)
Chain [1] nuts
Chain [1] max_depth = 10 (Default)
Chain [1] metric = diag_e (Default)
Chain [1] metric_file =  (Default)
Chain [1] stepsize = 1 (Default)
Chain [1] stepsize_jitter = 0 (Default)
Chain [1] num_chains = 1 (Default)
Chain [1] id = 1 (Default)
Chain [1] data
Chain [1] file = /var/folders/ng/kyfdmtj54bbc_0vg2nh3lthr0000gn/T/tmp9wudspc6/7yst6thg.json
Chain [1] init = 2 (Default)
Chain [1] random
Chain [1] seed = 30991
Chain [1] output
Chain [1] file = /Users/michael/Dropbox/hiv_low_level_viremia/hiv_low_level_viremia_clean/output/p_finalhivP_given_finalhiv/llv_prev-20260921112357_1.csv
Chain [1] diagnostic_file =  (Default)
Chain [1] refresh = 100 (Default)
Chain [1] sig_figs = 8 (Default)
Chain [1] profile_file = profile.csv (Default)
Chain [1] save_cmdstan_config = false (Default)
Chain [1] num_threads = 1 (Default)
Chain [1] 
Chain [3] method = sample (Default)
Chain [3] sample
Chain [3] num_samples = 2500
Chain [3] num_warmup = 2500
Chain [3] save_warmup = false (Default)
Chain [3] thin = 1 (Default)
Chain [3] adapt
Chain [3] engaged = true (Default)
Chain [3] gamma = 0.05 (Default)
Chain [3] delta = 0.8 (Default)
Chain [3] kappa = 0.75 (Default)
Chain [3] t0 = 10 (Default)
Chain [3] init_buffer = 75 (Default)
Chain [3] term_buffer = 50 (Default)
Chain [3] window = 25 (Default)
Chain [3] save_metric = false (Default)
Chain [3] algorithm = hmc (Default)
Chain [3] hmc
Chain [3] engine = nuts (Default)
Chain [3] nuts
Chain [3] max_depth = 10 (Default)
Chain [3] metric = diag_e (Default)
Chain [3] metric_file =  (Default)
Chain [3] stepsize = 1 (Default)
Chain [3] stepsize_jitter = 0 (Default)
Chain [3] num_chains = 1 (Default)
Chain [3] id = 3
Chain [3] data
Chain [3] file = /var/folders/ng/kyfdmtj54bbc_0vg2nh3lthr0000gn/T/tmp9wudspc6/7yst6thg.json
Chain [3] init = 2 (Default)
Chain [3] random
Chain [3] seed = 30991
Chain [3] output
Chain [3] file = /Users/michael/Dropbox/hiv_low_level_viremia/hiv_low_level_viremia_clean/output/p_finalhivP_given_finalhiv/llv_prev-20260921112357_3.csv
Chain [3] diagnostic_file =  (Default)
Chain [3] refresh = 100 (Default)
Chain [3] sig_figs = 8 (Default)
Chain [3] profile_file = profile.csv (Default)
Chain [3] save_cmdstan_config = false (Default)
Chain [3] num_threads = 1 (Default)
Chain [3] 
Chain [4] method = sample (Default)
Chain [4] sample
Chain [4] num_samples = 2500
Chain [4] num_warmup = 2500
Chain [4] save_warmup = false (Default)
Chain [4] thin = 1 (Default)
Chain [4] adapt
Chain [4] engaged = true (Default)
Chain [4] gamma = 0.05 (Default)
Chain [4] delta = 0.8 (Default)
Chain [4] kappa = 0.75 (Default)
Chain [4] t0 = 10 (Default)
Chain [4] init_buffer = 75 (Default)
Chain [4] term_buffer = 50 (Default)
Chain [4] window = 25 (Default)
Chain [4] save_metric = false (Default)
Chain [4] algorithm = hmc (Default)
Chain [4] hmc
Chain [4] engine = nuts (Default)
Chain [4] nuts
Chain [4] max_depth = 10 (Default)
Chain [4] metric = diag_e (Default)
Chain [4] metric_file =  (Default)
Chain [4] stepsize = 1 (Default)
Chain [4] stepsize_jitter = 0 (Default)
Chain [4] num_chains = 1 (Default)
Chain [4] id = 4
Chain [4] data
Chain [4] file = /var/folders/ng/kyfdmtj54bbc_0vg2nh3lthr0000gn/T/tmp9wudspc6/7yst6thg.json
Chain [4] init = 2 (Default)
Chain [4] random
Chain [4] seed = 30991
Chain [4] output
Chain [4] file = /Users/michael/Dropbox/hiv_low_level_viremia/hiv_low_level_viremia_clean/output/p_finalhivP_given_finalhiv/llv_prev-20260921112357_4.csv
Chain [4] diagnostic_file =  (Default)
Chain [4] refresh = 100 (Default)
Chain [4] sig_figs = 8 (Default)
Chain [4] profile_file = profile.csv (Default)
Chain [4] save_cmdstan_config = false (Default)
Chain [4] num_threads = 1 (Default)
Chain [4] 
Chain [2] 
Chain [2] Gradient evaluation took 0.003529 seconds
Chain [2] 1000 transitions using 10 leapfrog steps per transition would take 35.29 seconds.
Chain [2] Adjust your expectations accordingly!
Chain [2] 
Chain [2] 
Chain [1] 
Chain [1] Gradient evaluation took 0.004215 seconds
Chain [1] 1000 transitions using 10 leapfrog steps per transition would take 42.15 seconds.
Chain [1] Adjust your expectations accordingly!
Chain [1] 
Chain [1] 
Chain [3] 
Chain [3] Gradient evaluation took 0.004535 seconds
Chain [3] 1000 transitions using 10 leapfrog steps per transition would take 45.35 seconds.
Chain [3] Adjust your expectations accordingly!
Chain [3] 
Chain [3] 
Chain [4] 
Chain [4] Gradient evaluation took 0.004572 seconds
Chain [4] 1000 transitions using 10 leapfrog steps per transition would take 45.72 seconds.
Chain [4] Adjust your expectations accordingly!
Chain [4] 
Chain [4] 
Chain [3] Iteration:    1 / 5000 [  0%]  (Warmup)
Chain [2] Iteration:    1 / 5000 [  0%]  (Warmup)
Chain [1] Iteration:    1 / 5000 [  0%]  (Warmup)
Chain [4] Iteration:    1 / 5000 [  0%]  (Warmup)
Chain [1] Iteration:  100 / 5000 [  2%]  (Warmup)
Chain [2] Iteration:  100 / 5000 [  2%]  (Warmup)
Chain [4] Iteration:  100 / 5000 [  2%]  (Warmup)
Chain [3] Iteration:  100 / 5000 [  2%]  (Warmup)
Chain [1] Iteration:  200 / 5000 [  4%]  (Warmup)
Chain [2] Iteration:  200 / 5000 [  4%]  (Warmup)
Chain [4] Iteration:  200 / 5000 [  4%]  (Warmup)
Chain [1] Iteration:  300 / 5000 [  6%]  (Warmup)
Chain [3] Iteration:  200 / 5000 [  4%]  (Warmup)
Chain [2] Iteration:  300 / 5000 [  6%]  (Warmup)
Chain [4] Iteration:  300 / 5000 [  6%]  (Warmup)
Chain [1] Iteration:  400 / 5000 [  8%]  (Warmup)
Chain [3] Iteration:  300 / 5000 [  6%]  (Warmup)
Chain [2] Iteration:  400 / 5000 [  8%]  (Warmup)
Chain [4] Iteration:  400 / 5000 [  8%]  (Warmup)
Chain [1] Iteration:  500 / 5000 [ 10%]  (Warmup)
Chain [3] Iteration:  400 / 5000 [  8%]  (Warmup)
Chain [2] Iteration:  500 / 5000 [ 10%]  (Warmup)
Chain [4] Iteration:  500 / 5000 [ 10%]  (Warmup)
Chain [1] Iteration:  600 / 5000 [ 12%]  (Warmup)
Chain [3] Iteration:  500 / 5000 [ 10%]  (Warmup)
Chain [2] Iteration:  600 / 5000 [ 12%]  (Warmup)
Chain [4] Iteration:  600 / 5000 [ 12%]  (Warmup)
Chain [1] Iteration:  700 / 5000 [ 14%]  (Warmup)
Chain [3] Iteration:  600 / 5000 [ 12%]  (Warmup)
Chain [2] Iteration:  700 / 5000 [ 14%]  (Warmup)
Chain [4] Iteration:  700 / 5000 [ 14%]  (Warmup)
Chain [1] Iteration:  800 / 5000 [ 16%]  (Warmup)
Chain [3] Iteration:  700 / 5000 [ 14%]  (Warmup)
Chain [2] Iteration:  800 / 5000 [ 16%]  (Warmup)
Chain [4] Iteration:  800 / 5000 [ 16%]  (Warmup)
Chain [1] Iteration:  900 / 5000 [ 18%]  (Warmup)
Chain [3] Iteration:  800 / 5000 [ 16%]  (Warmup)
Chain [2] Iteration:  900 / 5000 [ 18%]  (Warmup)
Chain [4] Iteration:  900 / 5000 [ 18%]  (Warmup)
Chain [1] Iteration: 1000 / 5000 [ 20%]  (Warmup)
Chain [3] Iteration:  900 / 5000 [ 18%]  (Warmup)
Chain [2] Iteration: 1000 / 5000 [ 20%]  (Warmup)
Chain [4] Iteration: 1000 / 5000 [ 20%]  (Warmup)
Chain [1] Iteration: 1100 / 5000 [ 22%]  (Warmup)
Chain [3] Iteration: 1000 / 5000 [ 20%]  (Warmup)
Chain [2] Iteration: 1100 / 5000 [ 22%]  (Warmup)
Chain [4] Iteration: 1100 / 5000 [ 22%]  (Warmup)
Chain [1] Iteration: 1200 / 5000 [ 24%]  (Warmup)
Chain [3] Iteration: 1100 / 5000 [ 22%]  (Warmup)
Chain [2] Iteration: 1200 / 5000 [ 24%]  (Warmup)
Chain [4] Iteration: 1200 / 5000 [ 24%]  (Warmup)
Chain [1] Iteration: 1300 / 5000 [ 26%]  (Warmup)
Chain [3] Iteration: 1200 / 5000 [ 24%]  (Warmup)
Chain [2] Iteration: 1300 / 5000 [ 26%]  (Warmup)
Chain [4] Iteration: 1300 / 5000 [ 26%]  (Warmup)
Chain [1] Iteration: 1400 / 5000 [ 28%]  (Warmup)
Chain [3] Iteration: 1300 / 5000 [ 26%]  (Warmup)
Chain [2] Iteration: 1400 / 5000 [ 28%]  (Warmup)
Chain [4] Iteration: 1400 / 5000 [ 28%]  (Warmup)
Chain [1] Iteration: 1500 / 5000 [ 30%]  (Warmup)
Chain [3] Iteration: 1400 / 5000 [ 28%]  (Warmup)
Chain [2] Iteration: 1500 / 5000 [ 30%]  (Warmup)
Chain [4] Iteration: 1500 / 5000 [ 30%]  (Warmup)
Chain [1] Iteration: 1600 / 5000 [ 32%]  (Warmup)
Chain [3] Iteration: 1500 / 5000 [ 30%]  (Warmup)
Chain [2] Iteration: 1600 / 5000 [ 32%]  (Warmup)
Chain [4] Iteration: 1600 / 5000 [ 32%]  (Warmup)
Chain [1] Iteration: 1700 / 5000 [ 34%]  (Warmup)
Chain [3] Iteration: 1600 / 5000 [ 32%]  (Warmup)
Chain [4] Iteration: 1700 / 5000 [ 34%]  (Warmup)
Chain [2] Iteration: 1700 / 5000 [ 34%]  (Warmup)
Chain [1] Iteration: 1800 / 5000 [ 36%]  (Warmup)
Chain [3] Iteration: 1700 / 5000 [ 34%]  (Warmup)
Chain [4] Iteration: 1800 / 5000 [ 36%]  (Warmup)
Chain [2] Iteration: 1800 / 5000 [ 36%]  (Warmup)
Chain [1] Iteration: 1900 / 5000 [ 38%]  (Warmup)
Chain [3] Iteration: 1800 / 5000 [ 36%]  (Warmup)
Chain [4] Iteration: 1900 / 5000 [ 38%]  (Warmup)
Chain [1] Iteration: 2000 / 5000 [ 40%]  (Warmup)
Chain [2] Iteration: 1900 / 5000 [ 38%]  (Warmup)
Chain [3] Iteration: 1900 / 5000 [ 38%]  (Warmup)
Chain [1] Iteration: 2100 / 5000 [ 42%]  (Warmup)
Chain [4] Iteration: 2000 / 5000 [ 40%]  (Warmup)
Chain [2] Iteration: 2000 / 5000 [ 40%]  (Warmup)
Chain [3] Iteration: 2000 / 5000 [ 40%]  (Warmup)
Chain [1] Iteration: 2200 / 5000 [ 44%]  (Warmup)
Chain [2] Iteration: 2100 / 5000 [ 42%]  (Warmup)
Chain [4] Iteration: 2100 / 5000 [ 42%]  (Warmup)
Chain [1] Iteration: 2300 / 5000 [ 46%]  (Warmup)
Chain [2] Iteration: 2200 / 5000 [ 44%]  (Warmup)
Chain [3] Iteration: 2100 / 5000 [ 42%]  (Warmup)
Chain [4] Iteration: 2200 / 5000 [ 44%]  (Warmup)
Chain [2] Iteration: 2300 / 5000 [ 46%]  (Warmup)
Chain [1] Iteration: 2400 / 5000 [ 48%]  (Warmup)
Chain [3] Iteration: 2200 / 5000 [ 44%]  (Warmup)
Chain [4] Iteration: 2300 / 5000 [ 46%]  (Warmup)
Chain [2] Iteration: 2400 / 5000 [ 48%]  (Warmup)
Chain [3] Iteration: 2300 / 5000 [ 46%]  (Warmup)
Chain [4] Iteration: 2400 / 5000 [ 48%]  (Warmup)
Chain [1] Iteration: 2500 / 5000 [ 50%]  (Warmup)
Chain [1] Iteration: 2501 / 5000 [ 50%]  (Sampling)
Chain [3] Iteration: 2400 / 5000 [ 48%]  (Warmup)
Chain [2] Iteration: 2500 / 5000 [ 50%]  (Warmup)
Chain [2] Iteration: 2501 / 5000 [ 50%]  (Sampling)
Chain [4] Iteration: 2500 / 5000 [ 50%]  (Warmup)
Chain [4] Iteration: 2501 / 5000 [ 50%]  (Sampling)
Chain [1] Iteration: 2600 / 5000 [ 52%]  (Sampling)
Chain [3] Iteration: 2500 / 5000 [ 50%]  (Warmup)
Chain [3] Iteration: 2501 / 5000 [ 50%]  (Sampling)
Chain [2] Iteration: 2600 / 5000 [ 52%]  (Sampling)
Chain [4] Iteration: 2600 / 5000 [ 52%]  (Sampling)
Chain [1] Iteration: 2700 / 5000 [ 54%]  (Sampling)
Chain [3] Iteration: 2600 / 5000 [ 52%]  (Sampling)
Chain [2] Iteration: 2700 / 5000 [ 54%]  (Sampling)
Chain [4] Iteration: 2700 / 5000 [ 54%]  (Sampling)
Chain [1] Iteration: 2800 / 5000 [ 56%]  (Sampling)
Chain [3] Iteration: 2700 / 5000 [ 54%]  (Sampling)
Chain [2] Iteration: 2800 / 5000 [ 56%]  (Sampling)
Chain [4] Iteration: 2800 / 5000 [ 56%]  (Sampling)
Chain [1] Iteration: 2900 / 5000 [ 58%]  (Sampling)
Chain [3] Iteration: 2800 / 5000 [ 56%]  (Sampling)
Chain [2] Iteration: 2900 / 5000 [ 58%]  (Sampling)
Chain [4] Iteration: 2900 / 5000 [ 58%]  (Sampling)
Chain [1] Iteration: 3000 / 5000 [ 60%]  (Sampling)
Chain [3] Iteration: 2900 / 5000 [ 58%]  (Sampling)
Chain [2] Iteration: 3000 / 5000 [ 60%]  (Sampling)
Chain [4] Iteration: 3000 / 5000 [ 60%]  (Sampling)
Chain [1] Iteration: 3100 / 5000 [ 62%]  (Sampling)
Chain [3] Iteration: 3000 / 5000 [ 60%]  (Sampling)
Chain [2] Iteration: 3100 / 5000 [ 62%]  (Sampling)
Chain [4] Iteration: 3100 / 5000 [ 62%]  (Sampling)
Chain [1] Iteration: 3200 / 5000 [ 64%]  (Sampling)
Chain [3] Iteration: 3100 / 5000 [ 62%]  (Sampling)
Chain [2] Iteration: 3200 / 5000 [ 64%]  (Sampling)
Chain [4] Iteration: 3200 / 5000 [ 64%]  (Sampling)
Chain [1] Iteration: 3300 / 5000 [ 66%]  (Sampling)
Chain [3] Iteration: 3200 / 5000 [ 64%]  (Sampling)
Chain [2] Iteration: 3300 / 5000 [ 66%]  (Sampling)
Chain [4] Iteration: 3300 / 5000 [ 66%]  (Sampling)
Chain [1] Iteration: 3400 / 5000 [ 68%]  (Sampling)
Chain [3] Iteration: 3300 / 5000 [ 66%]  (Sampling)
Chain [2] Iteration: 3400 / 5000 [ 68%]  (Sampling)
Chain [4] Iteration: 3400 / 5000 [ 68%]  (Sampling)
Chain [1] Iteration: 3500 / 5000 [ 70%]  (Sampling)
Chain [3] Iteration: 3400 / 5000 [ 68%]  (Sampling)
Chain [2] Iteration: 3500 / 5000 [ 70%]  (Sampling)
Chain [4] Iteration: 3500 / 5000 [ 70%]  (Sampling)
Chain [1] Iteration: 3600 / 5000 [ 72%]  (Sampling)
Chain [3] Iteration: 3500 / 5000 [ 70%]  (Sampling)
Chain [2] Iteration: 3600 / 5000 [ 72%]  (Sampling)
Chain [4] Iteration: 3600 / 5000 [ 72%]  (Sampling)
Chain [1] Iteration: 3700 / 5000 [ 74%]  (Sampling)
Chain [3] Iteration: 3600 / 5000 [ 72%]  (Sampling)
Chain [2] Iteration: 3700 / 5000 [ 74%]  (Sampling)
Chain [4] Iteration: 3700 / 5000 [ 74%]  (Sampling)
Chain [1] Iteration: 3800 / 5000 [ 76%]  (Sampling)
Chain [3] Iteration: 3700 / 5000 [ 74%]  (Sampling)
Chain [2] Iteration: 3800 / 5000 [ 76%]  (Sampling)
Chain [4] Iteration: 3800 / 5000 [ 76%]  (Sampling)
Chain [1] Iteration: 3900 / 5000 [ 78%]  (Sampling)
Chain [3] Iteration: 3800 / 5000 [ 76%]  (Sampling)
Chain [2] Iteration: 3900 / 5000 [ 78%]  (Sampling)
Chain [4] Iteration: 3900 / 5000 [ 78%]  (Sampling)
Chain [1] Iteration: 4000 / 5000 [ 80%]  (Sampling)
Chain [3] Iteration: 3900 / 5000 [ 78%]  (Sampling)
Chain [2] Iteration: 4000 / 5000 [ 80%]  (Sampling)
Chain [4] Iteration: 4000 / 5000 [ 80%]  (Sampling)
Chain [1] Iteration: 4100 / 5000 [ 82%]  (Sampling)
Chain [3] Iteration: 4000 / 5000 [ 80%]  (Sampling)
Chain [2] Iteration: 4100 / 5000 [ 82%]  (Sampling)
Chain [4] Iteration: 4100 / 5000 [ 82%]  (Sampling)
Chain [1] Iteration: 4200 / 5000 [ 84%]  (Sampling)
Chain [3] Iteration: 4100 / 5000 [ 82%]  (Sampling)
Chain [2] Iteration: 4200 / 5000 [ 84%]  (Sampling)
Chain [4] Iteration: 4200 / 5000 [ 84%]  (Sampling)
Chain [1] Iteration: 4300 / 5000 [ 86%]  (Sampling)
Chain [3] Iteration: 4200 / 5000 [ 84%]  (Sampling)
Chain [2] Iteration: 4300 / 5000 [ 86%]  (Sampling)
Chain [4] Iteration: 4300 / 5000 [ 86%]  (Sampling)
Chain [1] Iteration: 4400 / 5000 [ 88%]  (Sampling)
Chain [3] Iteration: 4300 / 5000 [ 86%]  (Sampling)
Chain [2] Iteration: 4400 / 5000 [ 88%]  (Sampling)
Chain [4] Iteration: 4400 / 5000 [ 88%]  (Sampling)
Chain [1] Iteration: 4500 / 5000 [ 90%]  (Sampling)
Chain [3] Iteration: 4400 / 5000 [ 88%]  (Sampling)
Chain [2] Iteration: 4500 / 5000 [ 90%]  (Sampling)
Chain [4] Iteration: 4500 / 5000 [ 90%]  (Sampling)
Chain [1] Iteration: 4600 / 5000 [ 92%]  (Sampling)
Chain [3] Iteration: 4500 / 5000 [ 90%]  (Sampling)
Chain [2] Iteration: 4600 / 5000 [ 92%]  (Sampling)
Chain [4] Iteration: 4600 / 5000 [ 92%]  (Sampling)
Chain [1] Iteration: 4700 / 5000 [ 94%]  (Sampling)
Chain [3] Iteration: 4600 / 5000 [ 92%]  (Sampling)
Chain [2] Iteration: 4700 / 5000 [ 94%]  (Sampling)
Chain [4] Iteration: 4700 / 5000 [ 94%]  (Sampling)
Chain [1] Iteration: 4800 / 5000 [ 96%]  (Sampling)
Chain [3] Iteration: 4700 / 5000 [ 94%]  (Sampling)
Chain [2] Iteration: 4800 / 5000 [ 96%]  (Sampling)
Chain [4] Iteration: 4800 / 5000 [ 96%]  (Sampling)
Chain [1] Iteration: 4900 / 5000 [ 98%]  (Sampling)
Chain [3] Iteration: 4800 / 5000 [ 96%]  (Sampling)
Chain [2] Iteration: 4900 / 5000 [ 98%]  (Sampling)
Chain [4] Iteration: 4900 / 5000 [ 98%]  (Sampling)
Chain [1] Iteration: 5000 / 5000 [100%]  (Sampling)
Chain [1] 
Chain [1] Elapsed Time: 1098.9 seconds (Warm-up)
Chain [1] 1012.22 seconds (Sampling)
Chain [1] 2111.13 seconds (Total)
Chain [1] 
Chain [1] 
11:59:08 - cmdstanpy - INFO - Chain [1] done processing
Chain [3] Iteration: 4900 / 5000 [ 98%]  (Sampling)
Chain [2] Iteration: 5000 / 5000 [100%]  (Sampling)
Chain [2] 
Chain [2] Elapsed Time: 1129.57 seconds (Warm-up)
Chain [2] 1009.38 seconds (Sampling)
Chain [2] 2138.95 seconds (Total)
Chain [2] 
Chain [2] 
11:59:36 - cmdstanpy - INFO - Chain [2] done processing
Chain [4] Iteration: 5000 / 5000 [100%]  (Sampling)
Chain [4] 
Chain [4] Elapsed Time: 1132.91 seconds (Warm-up)
Chain [4] 1008.48 seconds (Sampling)
Chain [4] 2141.39 seconds (Total)
Chain [4] 
Chain [4] 
11:59:38 - cmdstanpy - INFO - Chain [4] done processing
Chain [3] Iteration: 5000 / 5000 [100%]  (Sampling)
Chain [3] 
Chain [3] Elapsed Time: 1160.82 seconds (Warm-up)
Chain [3] 999.064 seconds (Sampling)
Chain [3] 2159.88 seconds (Total)
Chain [3] 
Chain [3] 
11:59:57 - cmdstanpy - INFO - Chain [3] done processing
12:01:23 - cmdstanpy - INFO - Chain [1] start processing
12:01:23 - cmdstanpy - INFO - Chain [4] start processing
12:01:23 - cmdstanpy - INFO - Chain [3] start processing
12:01:23 - cmdstanpy - INFO - Chain [2] start processing
Chain [1] method = sample (Default)
Chain [1] sample
Chain [1] num_samples = 2500
Chain [1] num_warmup = 2500
Chain [1] save_warmup = false (Default)
Chain [1] thin = 1 (Default)
Chain [1] adapt
Chain [1] engaged = true (Default)
Chain [1] gamma = 0.05 (Default)
Chain [1] delta = 0.8 (Default)
Chain [1] kappa = 0.75 (Default)
Chain [1] t0 = 10 (Default)
Chain [1] init_buffer = 75 (Default)
Chain [1] term_buffer = 50 (Default)
Chain [1] window = 25 (Default)
Chain [1] save_metric = false (Default)
Chain [1] algorithm = hmc (Default)
Chain [1] hmc
Chain [1] engine = nuts (Default)
Chain [1] nuts
Chain [1] max_depth = 10 (Default)
Chain [1] metric = diag_e (Default)
Chain [1] metric_file =  (Default)
Chain [1] stepsize = 1 (Default)
Chain [1] stepsize_jitter = 0 (Default)
Chain [1] num_chains = 1 (Default)
Chain [1] id = 1 (Default)
Chain [1] data
Chain [1] file = /var/folders/ng/kyfdmtj54bbc_0vg2nh3lthr0000gn/T/tmp9wudspc6/ahhz7i5k.json
Chain [1] init = 2 (Default)
Chain [1] random
Chain [1] seed = 44831
Chain [1] output
Chain [1] file = /Users/michael/Dropbox/hiv_low_level_viremia/hiv_low_level_viremia_clean/output/p_viremic_given_copies_cat/llv_prev-20260921120123_1.csv
Chain [1] diagnostic_file =  (Default)
Chain [1] refresh = 100 (Default)
Chain [1] sig_figs = 8 (Default)
Chain [1] profile_file = profile.csv (Default)
Chain [1] save_cmdstan_config = false (Default)
Chain [1] num_threads = 1 (Default)
Chain [1] 
Chain [4] method = sample (Default)
Chain [4] sample
Chain [4] num_samples = 2500
Chain [4] num_warmup = 2500
Chain [4] save_warmup = false (Default)
Chain [4] thin = 1 (Default)
Chain [4] adapt
Chain [4] engaged = true (Default)
Chain [4] gamma = 0.05 (Default)
Chain [4] delta = 0.8 (Default)
Chain [4] kappa = 0.75 (Default)
Chain [4] t0 = 10 (Default)
Chain [4] init_buffer = 75 (Default)
Chain [4] term_buffer = 50 (Default)
Chain [4] window = 25 (Default)
Chain [4] save_metric = false (Default)
Chain [4] algorithm = hmc (Default)
Chain [4] hmc
Chain [4] engine = nuts (Default)
Chain [4] nuts
Chain [4] max_depth = 10 (Default)
Chain [4] metric = diag_e (Default)
Chain [4] metric_file =  (Default)
Chain [4] stepsize = 1 (Default)
Chain [4] stepsize_jitter = 0 (Default)
Chain [4] num_chains = 1 (Default)
Chain [4] id = 4
Chain [4] data
Chain [4] file = /var/folders/ng/kyfdmtj54bbc_0vg2nh3lthr0000gn/T/tmp9wudspc6/ahhz7i5k.json
Chain [4] init = 2 (Default)
Chain [4] random
Chain [4] seed = 44831
Chain [4] output
Chain [4] file = /Users/michael/Dropbox/hiv_low_level_viremia/hiv_low_level_viremia_clean/output/p_viremic_given_copies_cat/llv_prev-20260921120123_4.csv
Chain [4] diagnostic_file =  (Default)
Chain [4] refresh = 100 (Default)
Chain [4] sig_figs = 8 (Default)
Chain [4] profile_file = profile.csv (Default)
Chain [4] save_cmdstan_config = false (Default)
Chain [4] num_threads = 1 (Default)
Chain [4] 
Chain [2] method = sample (Default)
Chain [2] sample
Chain [2] num_samples = 2500
Chain [2] num_warmup = 2500
Chain [2] save_warmup = false (Default)
Chain [2] thin = 1 (Default)
Chain [2] adapt
Chain [2] engaged = true (Default)
Chain [2] gamma = 0.05 (Default)
Chain [2] delta = 0.8 (Default)
Chain [2] kappa = 0.75 (Default)
Chain [2] t0 = 10 (Default)
Chain [2] init_buffer = 75 (Default)
Chain [2] term_buffer = 50 (Default)
Chain [2] window = 25 (Default)
Chain [2] save_metric = false (Default)
Chain [2] algorithm = hmc (Default)
Chain [2] hmc
Chain [1] Chain [2] engine = nuts (Default)
Chain [2] nuts

Chain [2] max_depth = 10 (Default)
Chain [1] Gradient evaluation took 0.000594 seconds
Chain [2] metric = diag_e (Default)Chain [1] 1000 transitions using 10 leapfrog steps per transition would take 5.94 seconds.

Chain [1] Adjust your expectations accordingly!
Chain [2] metric_file =  (Default)
Chain [1] 
Chain [2] stepsize = 1 (Default)
Chain [1] 
Chain [2] stepsize_jitter = 0 (Default)
Chain [2] num_chains = 1 (Default)
Chain [2] id = 2
Chain [2] data
Chain [2] file = /var/folders/ng/kyfdmtj54bbc_0vg2nh3lthr0000gn/T/tmp9wudspc6/ahhz7i5k.json
Chain [2] init = 2 (Default)
Chain [2] random
Chain [2] seed = 44831
Chain [2] output
Chain [2] file = /Users/michael/Dropbox/hiv_low_level_viremia/hiv_low_level_viremia_clean/output/p_viremic_given_copies_cat/llv_prev-20260921120123_2.csv
Chain [2] diagnostic_file =  (Default)
Chain [2] refresh = 100 (Default)
Chain [2] sig_figs = 8 (Default)
Chain [2] profile_file = profile.csv (Default)
Chain [2] save_cmdstan_config = false (Default)
Chain [2] num_threads = 1 (Default)
Chain [2] 
Chain [4] 
Chain [4] Gradient evaluation took 0.000589 seconds
Chain [4] 1000 transitions using 10 leapfrog steps per transition would take 5.89 seconds.
Chain [4] Adjust your expectations accordingly!
Chain [4] 
Chain [4] 
Chain [3] method = sample (Default)
Chain [3] sample
Chain [3] num_samples = 2500
Chain [3] num_warmup = 2500
Chain [3] save_warmup = false (Default)
Chain [3] thin = 1 (Default)
Chain [3] adapt
Chain [3] engaged = true (Default)
Chain [3] gamma = 0.05 (Default)
Chain [3] delta = 0.8 (Default)
Chain [3] kappa = 0.75 (Default)
Chain [3] t0 = 10 (Default)
Chain [3] init_buffer = 75 (Default)
Chain [3] term_buffer = 50 (Default)
Chain [3] window = 25 (Default)
Chain [3] save_metric = false (Default)
Chain [3] algorithm = hmc (Default)
Chain [3] hmc
Chain [3] engine = nuts (Default)
Chain [3] nuts
Chain [3] max_depth = 10 (Default)
Chain [3] metric = diag_e (Default)
Chain [3] metric_file =  (Default)
Chain [3] stepsize = 1 (Default)
Chain [3] stepsize_jitter = 0 (Default)
Chain [3] num_chains = 1 (Default)
Chain [3] id = 3
Chain [3] data
Chain [3] file = /var/folders/ng/kyfdmtj54bbc_0vg2nh3lthr0000gn/T/tmp9wudspc6/ahhz7i5k.json
Chain [3] init = 2 (Default)
Chain [3] random
Chain [3] seed = 44831
Chain [3] output
Chain [3] file = /Users/michael/Dropbox/hiv_low_level_viremia/hiv_low_level_viremia_clean/output/p_viremic_given_copies_cat/llv_prev-20260921120123_3.csv
Chain [3] diagnostic_file =  (Default)
Chain [3] refresh = 100 (Default)
Chain [3] sig_figs = 8 (Default)
Chain [3] profile_file = profile.csv (Default)
Chain [3] save_cmdstan_config = false (Default)
Chain [3] num_threads = 1 (Default)
Chain [3] 
Chain [2] 
Chain [2] Gradient evaluation took 0.000608 seconds
Chain [2] 1000 transitions using 10 leapfrog steps per transition would take 6.08 seconds.
Chain [2] Adjust your expectations accordingly!
Chain [2] 
Chain [2] 
Chain [3] 
Chain [3] Gradient evaluation took 0.000848 seconds
Chain [3] 1000 transitions using 10 leapfrog steps per transition would take 8.48 seconds.
Chain [3] Adjust your expectations accordingly!
Chain [3] 
Chain [3] 
Chain [1] Iteration:    1 / 5000 [  0%]  (Warmup)
Chain [4] Iteration:    1 / 5000 [  0%]  (Warmup)
Chain [2] Iteration:    1 / 5000 [  0%]  (Warmup)
Chain [3] Iteration:    1 / 5000 [  0%]  (Warmup)
Chain [2] Iteration:  100 / 5000 [  2%]  (Warmup)
Chain [1] Iteration:  100 / 5000 [  2%]  (Warmup)
Chain [3] Iteration:  100 / 5000 [  2%]  (Warmup)
Chain [4] Iteration:  100 / 5000 [  2%]  (Warmup)
Chain [2] Iteration:  200 / 5000 [  4%]  (Warmup)
Chain [1] Iteration:  200 / 5000 [  4%]  (Warmup)
Chain [3] Iteration:  200 / 5000 [  4%]  (Warmup)
Chain [4] Iteration:  200 / 5000 [  4%]  (Warmup)
Chain [2] Iteration:  300 / 5000 [  6%]  (Warmup)
Chain [1] Iteration:  300 / 5000 [  6%]  (Warmup)
Chain [3] Iteration:  300 / 5000 [  6%]  (Warmup)
Chain [2] Iteration:  400 / 5000 [  8%]  (Warmup)
Chain [4] Iteration:  300 / 5000 [  6%]  (Warmup)
Chain [1] Iteration:  400 / 5000 [  8%]  (Warmup)
Chain [3] Iteration:  400 / 5000 [  8%]  (Warmup)
Chain [2] Iteration:  500 / 5000 [ 10%]  (Warmup)
Chain [4] Iteration:  400 / 5000 [  8%]  (Warmup)
Chain [1] Iteration:  500 / 5000 [ 10%]  (Warmup)
Chain [3] Iteration:  500 / 5000 [ 10%]  (Warmup)
Chain [2] Iteration:  600 / 5000 [ 12%]  (Warmup)
Chain [4] Iteration:  500 / 5000 [ 10%]  (Warmup)
Chain [1] Iteration:  600 / 5000 [ 12%]  (Warmup)
Chain [3] Iteration:  600 / 5000 [ 12%]  (Warmup)
Chain [2] Iteration:  700 / 5000 [ 14%]  (Warmup)
Chain [4] Iteration:  600 / 5000 [ 12%]  (Warmup)
Chain [1] Iteration:  700 / 5000 [ 14%]  (Warmup)
Chain [3] Iteration:  700 / 5000 [ 14%]  (Warmup)
Chain [2] Iteration:  800 / 5000 [ 16%]  (Warmup)
Chain [4] Iteration:  700 / 5000 [ 14%]  (Warmup)
Chain [3] Iteration:  800 / 5000 [ 16%]  (Warmup)
Chain [1] Iteration:  800 / 5000 [ 16%]  (Warmup)
Chain [2] Iteration:  900 / 5000 [ 18%]  (Warmup)
Chain [4] Iteration:  800 / 5000 [ 16%]  (Warmup)
Chain [3] Iteration:  900 / 5000 [ 18%]  (Warmup)
Chain [1] Iteration:  900 / 5000 [ 18%]  (Warmup)
Chain [2] Iteration: 1000 / 5000 [ 20%]  (Warmup)
Chain [4] Iteration:  900 / 5000 [ 18%]  (Warmup)
Chain [3] Iteration: 1000 / 5000 [ 20%]  (Warmup)
Chain [1] Iteration: 1000 / 5000 [ 20%]  (Warmup)
Chain [2] Iteration: 1100 / 5000 [ 22%]  (Warmup)
Chain [4] Iteration: 1000 / 5000 [ 20%]  (Warmup)
Chain [3] Iteration: 1100 / 5000 [ 22%]  (Warmup)
Chain [2] Iteration: 1200 / 5000 [ 24%]  (Warmup)
Chain [1] Iteration: 1100 / 5000 [ 22%]  (Warmup)
Chain [4] Iteration: 1100 / 5000 [ 22%]  (Warmup)
Chain [3] Iteration: 1200 / 5000 [ 24%]  (Warmup)
Chain [2] Iteration: 1300 / 5000 [ 26%]  (Warmup)
Chain [1] Iteration: 1200 / 5000 [ 24%]  (Warmup)
Chain [4] Iteration: 1200 / 5000 [ 24%]  (Warmup)
Chain [3] Iteration: 1300 / 5000 [ 26%]  (Warmup)
Chain [2] Iteration: 1400 / 5000 [ 28%]  (Warmup)
Chain [1] Iteration: 1300 / 5000 [ 26%]  (Warmup)
Chain [4] Iteration: 1300 / 5000 [ 26%]  (Warmup)
Chain [3] Iteration: 1400 / 5000 [ 28%]  (Warmup)
Chain [2] Iteration: 1500 / 5000 [ 30%]  (Warmup)
Chain [1] Iteration: 1400 / 5000 [ 28%]  (Warmup)
Chain [4] Iteration: 1400 / 5000 [ 28%]  (Warmup)
Chain [3] Iteration: 1500 / 5000 [ 30%]  (Warmup)
Chain [2] Iteration: 1600 / 5000 [ 32%]  (Warmup)
Chain [1] Iteration: 1500 / 5000 [ 30%]  (Warmup)
Chain [4] Iteration: 1500 / 5000 [ 30%]  (Warmup)
Chain [3] Iteration: 1600 / 5000 [ 32%]  (Warmup)
Chain [2] Iteration: 1700 / 5000 [ 34%]  (Warmup)
Chain [1] Iteration: 1600 / 5000 [ 32%]  (Warmup)
Chain [4] Iteration: 1600 / 5000 [ 32%]  (Warmup)
Chain [3] Iteration: 1700 / 5000 [ 34%]  (Warmup)
Chain [2] Iteration: 1800 / 5000 [ 36%]  (Warmup)
Chain [1] Iteration: 1700 / 5000 [ 34%]  (Warmup)
Chain [4] Iteration: 1700 / 5000 [ 34%]  (Warmup)
Chain [3] Iteration: 1800 / 5000 [ 36%]  (Warmup)
Chain [2] Iteration: 1900 / 5000 [ 38%]  (Warmup)
Chain [1] Iteration: 1800 / 5000 [ 36%]  (Warmup)
Chain [4] Iteration: 1800 / 5000 [ 36%]  (Warmup)
Chain [3] Iteration: 1900 / 5000 [ 38%]  (Warmup)
Chain [2] Iteration: 2000 / 5000 [ 40%]  (Warmup)
Chain [1] Iteration: 1900 / 5000 [ 38%]  (Warmup)
Chain [4] Iteration: 1900 / 5000 [ 38%]  (Warmup)
Chain [3] Iteration: 2000 / 5000 [ 40%]  (Warmup)
Chain [2] Iteration: 2100 / 5000 [ 42%]  (Warmup)
Chain [1] Iteration: 2000 / 5000 [ 40%]  (Warmup)
Chain [4] Iteration: 2000 / 5000 [ 40%]  (Warmup)
Chain [3] Iteration: 2100 / 5000 [ 42%]  (Warmup)
Chain [2] Iteration: 2200 / 5000 [ 44%]  (Warmup)
Chain [1] Iteration: 2100 / 5000 [ 42%]  (Warmup)
Chain [4] Iteration: 2100 / 5000 [ 42%]  (Warmup)
Chain [3] Iteration: 2200 / 5000 [ 44%]  (Warmup)
Chain [2] Iteration: 2300 / 5000 [ 46%]  (Warmup)
Chain [1] Iteration: 2200 / 5000 [ 44%]  (Warmup)
Chain [4] Iteration: 2200 / 5000 [ 44%]  (Warmup)
Chain [3] Iteration: 2300 / 5000 [ 46%]  (Warmup)
Chain [2] Iteration: 2400 / 5000 [ 48%]  (Warmup)
Chain [1] Iteration: 2300 / 5000 [ 46%]  (Warmup)
Chain [4] Iteration: 2300 / 5000 [ 46%]  (Warmup)
Chain [3] Iteration: 2400 / 5000 [ 48%]  (Warmup)
Chain [1] Iteration: 2400 / 5000 [ 48%]  (Warmup)
Chain [2] Iteration: 2500 / 5000 [ 50%]  (Warmup)
Chain [2] Iteration: 2501 / 5000 [ 50%]  (Sampling)
Chain [4] Iteration: 2400 / 5000 [ 48%]  (Warmup)
Chain [3] Iteration: 2500 / 5000 [ 50%]  (Warmup)
Chain [3] Iteration: 2501 / 5000 [ 50%]  (Sampling)
Chain [1] Iteration: 2500 / 5000 [ 50%]  (Warmup)
Chain [2] Iteration: 2600 / 5000 [ 52%]  (Sampling)
Chain [1] Iteration: 2501 / 5000 [ 50%]  (Sampling)
Chain [4] Iteration: 2500 / 5000 [ 50%]  (Warmup)
Chain [4] Iteration: 2501 / 5000 [ 50%]  (Sampling)
Chain [3] Iteration: 2600 / 5000 [ 52%]  (Sampling)
Chain [2] Iteration: 2700 / 5000 [ 54%]  (Sampling)
Chain [1] Iteration: 2600 / 5000 [ 52%]  (Sampling)
Chain [4] Iteration: 2600 / 5000 [ 52%]  (Sampling)
Chain [3] Iteration: 2700 / 5000 [ 54%]  (Sampling)
Chain [2] Iteration: 2800 / 5000 [ 56%]  (Sampling)
Chain [1] Iteration: 2700 / 5000 [ 54%]  (Sampling)
Chain [4] Iteration: 2700 / 5000 [ 54%]  (Sampling)
Chain [3] Iteration: 2800 / 5000 [ 56%]  (Sampling)
Chain [2] Iteration: 2900 / 5000 [ 58%]  (Sampling)
Chain [1] Iteration: 2800 / 5000 [ 56%]  (Sampling)
Chain [4] Iteration: 2800 / 5000 [ 56%]  (Sampling)
Chain [3] Iteration: 2900 / 5000 [ 58%]  (Sampling)
Chain [2] Iteration: 3000 / 5000 [ 60%]  (Sampling)
Chain [1] Iteration: 2900 / 5000 [ 58%]  (Sampling)
Chain [4] Iteration: 2900 / 5000 [ 58%]  (Sampling)
Chain [3] Iteration: 3000 / 5000 [ 60%]  (Sampling)
Chain [2] Iteration: 3100 / 5000 [ 62%]  (Sampling)
Chain [1] Iteration: 3000 / 5000 [ 60%]  (Sampling)
Chain [4] Iteration: 3000 / 5000 [ 60%]  (Sampling)
Chain [3] Iteration: 3100 / 5000 [ 62%]  (Sampling)
Chain [2] Iteration: 3200 / 5000 [ 64%]  (Sampling)
Chain [1] Iteration: 3100 / 5000 [ 62%]  (Sampling)
Chain [4] Iteration: 3100 / 5000 [ 62%]  (Sampling)
Chain [3] Iteration: 3200 / 5000 [ 64%]  (Sampling)
Chain [1] Iteration: 3200 / 5000 [ 64%]  (Sampling)
Chain [2] Iteration: 3300 / 5000 [ 66%]  (Sampling)
Chain [4] Iteration: 3200 / 5000 [ 64%]  (Sampling)
Chain [3] Iteration: 3300 / 5000 [ 66%]  (Sampling)
Chain [1] Iteration: 3300 / 5000 [ 66%]  (Sampling)
Chain [2] Iteration: 3400 / 5000 [ 68%]  (Sampling)
Chain [4] Iteration: 3300 / 5000 [ 66%]  (Sampling)
Chain [3] Iteration: 3400 / 5000 [ 68%]  (Sampling)
Chain [1] Iteration: 3400 / 5000 [ 68%]  (Sampling)
Chain [2] Iteration: 3500 / 5000 [ 70%]  (Sampling)
Chain [4] Iteration: 3400 / 5000 [ 68%]  (Sampling)
Chain [3] Iteration: 3500 / 5000 [ 70%]  (Sampling)
Chain [1] Iteration: 3500 / 5000 [ 70%]  (Sampling)
Chain [2] Iteration: 3600 / 5000 [ 72%]  (Sampling)
Chain [4] Iteration: 3500 / 5000 [ 70%]  (Sampling)
Chain [3] Iteration: 3600 / 5000 [ 72%]  (Sampling)
Chain [1] Iteration: 3600 / 5000 [ 72%]  (Sampling)
Chain [2] Iteration: 3700 / 5000 [ 74%]  (Sampling)
Chain [4] Iteration: 3600 / 5000 [ 72%]  (Sampling)
Chain [3] Iteration: 3700 / 5000 [ 74%]  (Sampling)
Chain [1] Iteration: 3700 / 5000 [ 74%]  (Sampling)
Chain [2] Iteration: 3800 / 5000 [ 76%]  (Sampling)
Chain [4] Iteration: 3700 / 5000 [ 74%]  (Sampling)
Chain [3] Iteration: 3800 / 5000 [ 76%]  (Sampling)
Chain [1] Iteration: 3800 / 5000 [ 76%]  (Sampling)
Chain [2] Iteration: 3900 / 5000 [ 78%]  (Sampling)
Chain [4] Iteration: 3800 / 5000 [ 76%]  (Sampling)
Chain [3] Iteration: 3900 / 5000 [ 78%]  (Sampling)
Chain [1] Iteration: 3900 / 5000 [ 78%]  (Sampling)
Chain [2] Iteration: 4000 / 5000 [ 80%]  (Sampling)
Chain [4] Iteration: 3900 / 5000 [ 78%]  (Sampling)
Chain [3] Iteration: 4000 / 5000 [ 80%]  (Sampling)
Chain [1] Iteration: 4000 / 5000 [ 80%]  (Sampling)
Chain [2] Iteration: 4100 / 5000 [ 82%]  (Sampling)
Chain [4] Iteration: 4000 / 5000 [ 80%]  (Sampling)
Chain [3] Iteration: 4100 / 5000 [ 82%]  (Sampling)
Chain [1] Iteration: 4100 / 5000 [ 82%]  (Sampling)
Chain [2] Iteration: 4200 / 5000 [ 84%]  (Sampling)
Chain [4] Iteration: 4100 / 5000 [ 82%]  (Sampling)
Chain [3] Iteration: 4200 / 5000 [ 84%]  (Sampling)
Chain [1] Iteration: 4200 / 5000 [ 84%]  (Sampling)
Chain [2] Iteration: 4300 / 5000 [ 86%]  (Sampling)
Chain [4] Iteration: 4200 / 5000 [ 84%]  (Sampling)
Chain [3] Iteration: 4300 / 5000 [ 86%]  (Sampling)
Chain [1] Iteration: 4300 / 5000 [ 86%]  (Sampling)
Chain [2] Iteration: 4400 / 5000 [ 88%]  (Sampling)
Chain [4] Iteration: 4300 / 5000 [ 86%]  (Sampling)
Chain [3] Iteration: 4400 / 5000 [ 88%]  (Sampling)
Chain [1] Iteration: 4400 / 5000 [ 88%]  (Sampling)
Chain [2] Iteration: 4500 / 5000 [ 90%]  (Sampling)
Chain [4] Iteration: 4400 / 5000 [ 88%]  (Sampling)
Chain [3] Iteration: 4500 / 5000 [ 90%]  (Sampling)
Chain [1] Iteration: 4500 / 5000 [ 90%]  (Sampling)
Chain [2] Iteration: 4600 / 5000 [ 92%]  (Sampling)
Chain [4] Iteration: 4500 / 5000 [ 90%]  (Sampling)
Chain [3] Iteration: 4600 / 5000 [ 92%]  (Sampling)
Chain [1] Iteration: 4600 / 5000 [ 92%]  (Sampling)
Chain [2] Iteration: 4700 / 5000 [ 94%]  (Sampling)
Chain [4] Iteration: 4600 / 5000 [ 92%]  (Sampling)
Chain [3] Iteration: 4700 / 5000 [ 94%]  (Sampling)
Chain [1] Iteration: 4700 / 5000 [ 94%]  (Sampling)
Chain [2] Iteration: 4800 / 5000 [ 96%]  (Sampling)
Chain [4] Iteration: 4700 / 5000 [ 94%]  (Sampling)
Chain [3] Iteration: 4800 / 5000 [ 96%]  (Sampling)
Chain [1] Iteration: 4800 / 5000 [ 96%]  (Sampling)
Chain [2] Iteration: 4900 / 5000 [ 98%]  (Sampling)
Chain [4] Iteration: 4800 / 5000 [ 96%]  (Sampling)
Chain [3] Iteration: 4900 / 5000 [ 98%]  (Sampling)
Chain [1] Iteration: 4900 / 5000 [ 98%]  (Sampling)
Chain [2] Iteration: 5000 / 5000 [100%]  (Sampling)
Chain [2] 
Chain [2] Elapsed Time: 46.268 seconds (Warm-up)
Chain [2] 41.621 seconds (Sampling)
Chain [2] 87.889 seconds (Total)
Chain [2] 
Chain [2] 
12:02:50 - cmdstanpy - INFO - Chain [2] done processing
Chain [4] Iteration: 4900 / 5000 [ 98%]  (Sampling)
Chain [3] Iteration: 5000 / 5000 [100%]  (Sampling)
Chain [3] 
Chain [3] Elapsed Time: 47.556 seconds (Warm-up)
Chain [3] 41.604 seconds (Sampling)
Chain [3] 89.16 seconds (Total)
Chain [3] 
Chain [3] 
12:02:52 - cmdstanpy - INFO - Chain [3] done processing
Chain [1] Iteration: 5000 / 5000 [100%]  (Sampling)
Chain [1] 
Chain [1] Elapsed Time: 47.911 seconds (Warm-up)
Chain [1] 41.529 seconds (Sampling)
Chain [1] 89.44 seconds (Total)
Chain [1] 
Chain [1] 
12:02:52 - cmdstanpy - INFO - Chain [1] done processing
Chain [4] Iteration: 5000 / 5000 [100%]  (Sampling)
Chain [4] 
Chain [4] Elapsed Time: 48.355 seconds (Warm-up)
Chain [4] 41.459 seconds (Sampling)
Chain [4] 89.814 seconds (Total)
Chain [4] 
Chain [4] 
12:02:52 - cmdstanpy - INFO - Chain [4] done processing
12:03:04 - cmdstanpy - INFO - Chain [1] start processing
12:03:04 - cmdstanpy - INFO - Chain [2] start processing
12:03:04 - cmdstanpy - INFO - Chain [3] start processing
12:03:04 - cmdstanpy - INFO - Chain [4] start processing
Chain [1] method = sample (Default)
Chain [2] method = sample (Default)
Chain [1] sampleChain [2] sample

Chain [1] num_samples = 2500
Chain [2] num_samples = 2500
Chain [1] num_warmup = 2500
Chain [1] save_warmup = false (Default)
Chain [2] num_warmup = 2500Chain [1] thin = 1 (Default)

Chain [1] adapt
Chain [1] engaged = true (Default)
Chain [2] save_warmup = false (Default)
Chain [1] gamma = 0.05 (Default)
Chain [2] thin = 1 (Default)
Chain [2] adaptChain [1] delta = 0.8 (Default)Chain [3] method = sample (Default)

Chain [3] sampleChain [2] engaged = true (Default)


Chain [1] kappa = 0.75 (Default)
Chain [2] gamma = 0.05 (Default)Chain [3] num_samples = 2500

Chain [1] t0 = 10 (Default)
Chain [3] num_warmup = 2500
Chain [2] delta = 0.8 (Default)
Chain [1] init_buffer = 75 (Default)Chain [2] kappa = 0.75 (Default)

Chain [3] save_warmup = false (Default)
Chain [1] term_buffer = 50 (Default)
Chain [2] t0 = 10 (Default)Chain [1] window = 25 (Default)

Chain [2] init_buffer = 75 (Default)
Chain [1] save_metric = false (Default)Chain [3] thin = 1 (Default)Chain [2] term_buffer = 50 (Default)


Chain [2] window = 25 (Default)Chain [1] algorithm = hmc (Default)Chain [3] adapt

Chain [2] save_metric = false (Default)
Chain [3] engaged = true (Default)

Chain [2] algorithm = hmc (Default)Chain [1] hmc
Chain [2] hmc
Chain [3] gamma = 0.05 (Default)

Chain [1] engine = nuts (Default)Chain [2] engine = nuts (Default)
Chain [3] delta = 0.8 (Default)
Chain [2] nuts

Chain [1] nuts
Chain [1] max_depth = 10 (Default)
Chain [3] kappa = 0.75 (Default)
Chain [2] max_depth = 10 (Default)Chain [3] t0 = 10 (Default)Chain [1] metric = diag_e (Default)


Chain [2] metric = diag_e (Default)Chain [1] metric_file =  (Default)

Chain [1] stepsize = 1 (Default)
Chain [2] metric_file =  (Default)Chain [3] init_buffer = 75 (Default)Chain [1] stepsize_jitter = 0 (Default)

Chain [2] stepsize = 1 (Default)

Chain [3] term_buffer = 50 (Default)
Chain [1] num_chains = 1 (Default)Chain [2] stepsize_jitter = 0 (Default)
Chain [3] window = 25 (Default)Chain [2] num_chains = 1 (Default)


Chain [2] id = 2Chain [1] id = 1 (Default)

Chain [1] dataChain [3] save_metric = false (Default)

Chain [2] dataChain [1] file = /var/folders/ng/kyfdmtj54bbc_0vg2nh3lthr0000gn/T/tmp9wudspc6/4vi_bkp5.jsonChain [3] algorithm = hmc (Default)


Chain [1] init = 2 (Default)
Chain [3] hmc
Chain [2] file = /var/folders/ng/kyfdmtj54bbc_0vg2nh3lthr0000gn/T/tmp9wudspc6/4vi_bkp5.jsonChain [1] randomChain [3] engine = nuts (Default)


Chain [3] nutsChain [2] init = 2 (Default)
Chain [3] max_depth = 10 (Default)

Chain [1] seed = 94512
Chain [2] randomChain [3] metric = diag_e (Default)
Chain [1] output
Chain [3] metric_file =  (Default)
Chain [1] file = /Users/michael/Dropbox/hiv_low_level_viremia/hiv_low_level_viremia_clean/output/p_llv_given_viremic_copies_cat/llv_prev-20260921120304_1.csv
Chain [1] diagnostic_file =  (Default)
Chain [1] refresh = 100 (Default)
Chain [3] stepsize = 1 (Default)Chain [1] sig_figs = 8 (Default)


Chain [2] seed = 94512Chain [1] profile_file = profile.csv (Default)
Chain [3] stepsize_jitter = 0 (Default)
Chain [1] save_cmdstan_config = false (Default)
Chain [1] num_threads = 1 (Default)Chain [2] output

Chain [2] file = /Users/michael/Dropbox/hiv_low_level_viremia/hiv_low_level_viremia_clean/output/p_llv_given_viremic_copies_cat/llv_prev-20260921120304_2.csv
Chain [3] num_chains = 1 (Default)
Chain [2] diagnostic_file =  (Default)
Chain [3] id = 3

Chain [3] data
Chain [2] refresh = 100 (Default)Chain [1] Chain [3] file = /var/folders/ng/kyfdmtj54bbc_0vg2nh3lthr0000gn/T/tmp9wudspc6/4vi_bkp5.json

Chain [4] method = sample (Default)

Chain [2] sig_figs = 8 (Default)Chain [4] sample
Chain [2] profile_file = profile.csv (Default)

Chain [3] init = 2 (Default)
Chain [4] num_samples = 2500Chain [1] 
Chain [3] random
Chain [2] save_cmdstan_config = false (Default)

Chain [1] Gradient evaluation took 0.000214 secondsChain [4] num_warmup = 2500Chain [3] seed = 94512
Chain [2] num_threads = 1 (Default)


Chain [1] 1000 transitions using 10 leapfrog steps per transition would take 2.14 seconds.
Chain [4] save_warmup = false (Default)
Chain [3] outputChain [4] thin = 1 (Default)
Chain [2] 

Chain [1] Adjust your expectations accordingly!Chain [3] file = /Users/michael/Dropbox/hiv_low_level_viremia/hiv_low_level_viremia_clean/output/p_llv_given_viremic_copies_cat/llv_prev-20260921120304_3.csv
Chain [4] adaptChain [2] Chain [3] diagnostic_file =  (Default)


Chain [3] refresh = 100 (Default)

Chain [3] sig_figs = 8 (Default)Chain [1] Chain [2] Gradient evaluation took 0.000183 seconds


Chain [3] profile_file = profile.csv (Default)Chain [4] engaged = true (Default)

Chain [4] gamma = 0.05 (Default)
Chain [2] 1000 transitions using 10 leapfrog steps per transition would take 1.83 seconds.
Chain [3] save_cmdstan_config = false (Default)Chain [1] Chain [4] delta = 0.8 (Default)


Chain [3] num_threads = 1 (Default)Chain [4] kappa = 0.75 (Default)
Chain [2] Adjust your expectations accordingly!Chain [4] t0 = 10 (Default)

Chain [4] init_buffer = 75 (Default)Chain [2] 
Chain [1] Iteration:    1 / 5000 [  0%]  (Warmup)
Chain [2] 


Chain [3] Chain [4] term_buffer = 50 (Default)
Chain [2] Iteration:    1 / 5000 [  0%]  (Warmup)Chain [4] window = 25 (Default)


Chain [4] save_metric = false (Default)
Chain [3] Chain [4] algorithm = hmc (Default)

Chain [4] hmcChain [3] Gradient evaluation took 0.000183 seconds

Chain [3] 1000 transitions using 10 leapfrog steps per transition would take 1.83 seconds.Chain [4] engine = nuts (Default)

Chain [4] nutsChain [3] Adjust your expectations accordingly!

Chain [4] max_depth = 10 (Default)Chain [3] 

Chain [3] Chain [4] metric = diag_e (Default)

Chain [4] metric_file =  (Default)
Chain [3] Iteration:    1 / 5000 [  0%]  (Warmup)Chain [4] stepsize = 1 (Default)
Chain [4] stepsize_jitter = 0 (Default)

Chain [4] num_chains = 1 (Default)
Chain [4] id = 4
Chain [4] data
Chain [4] file = /var/folders/ng/kyfdmtj54bbc_0vg2nh3lthr0000gn/T/tmp9wudspc6/4vi_bkp5.json
Chain [4] init = 2 (Default)
Chain [4] random
Chain [4] seed = 94512
Chain [4] output
Chain [4] file = /Users/michael/Dropbox/hiv_low_level_viremia/hiv_low_level_viremia_clean/output/p_llv_given_viremic_copies_cat/llv_prev-20260921120304_4.csv
Chain [4] diagnostic_file =  (Default)
Chain [4] refresh = 100 (Default)
Chain [4] sig_figs = 8 (Default)
Chain [4] profile_file = profile.csv (Default)
Chain [4] save_cmdstan_config = false (Default)
Chain [4] num_threads = 1 (Default)
Chain [4] 
Chain [4] 
Chain [4] Gradient evaluation took 0.000187 seconds
Chain [4] 1000 transitions using 10 leapfrog steps per transition would take 1.87 seconds.
Chain [4] Adjust your expectations accordingly!
Chain [4] 
Chain [4] 
Chain [4] Iteration:    1 / 5000 [  0%]  (Warmup)
Chain [1] Iteration:  100 / 5000 [  2%]  (Warmup)
Chain [4] Iteration:  100 / 5000 [  2%]  (Warmup)
Chain [2] Iteration:  100 / 5000 [  2%]  (Warmup)
Chain [1] Iteration:  200 / 5000 [  4%]  (Warmup)
Chain [3] Iteration:  100 / 5000 [  2%]  (Warmup)
Chain [4] Iteration:  200 / 5000 [  4%]  (Warmup)
Chain [2] Iteration:  200 / 5000 [  4%]  (Warmup)
Chain [1] Iteration:  300 / 5000 [  6%]  (Warmup)
Chain [4] Iteration:  300 / 5000 [  6%]  (Warmup)
Chain [3] Iteration:  200 / 5000 [  4%]  (Warmup)
Chain [2] Iteration:  300 / 5000 [  6%]  (Warmup)
Chain [1] Iteration:  400 / 5000 [  8%]  (Warmup)
Chain [4] Iteration:  400 / 5000 [  8%]  (Warmup)
Chain [2] Iteration:  400 / 5000 [  8%]  (Warmup)
Chain [3] Iteration:  300 / 5000 [  6%]  (Warmup)
Chain [1] Iteration:  500 / 5000 [ 10%]  (Warmup)
Chain [4] Iteration:  500 / 5000 [ 10%]  (Warmup)
Chain [2] Iteration:  500 / 5000 [ 10%]  (Warmup)
Chain [1] Iteration:  600 / 5000 [ 12%]  (Warmup)
Chain [3] Iteration:  400 / 5000 [  8%]  (Warmup)
Chain [4] Iteration:  600 / 5000 [ 12%]  (Warmup)
Chain [2] Iteration:  600 / 5000 [ 12%]  (Warmup)
Chain [1] Iteration:  700 / 5000 [ 14%]  (Warmup)
Chain [3] Iteration:  500 / 5000 [ 10%]  (Warmup)
Chain [4] Iteration:  700 / 5000 [ 14%]  (Warmup)
Chain [1] Iteration:  800 / 5000 [ 16%]  (Warmup)
Chain [2] Iteration:  700 / 5000 [ 14%]  (Warmup)
Chain [3] Iteration:  600 / 5000 [ 12%]  (Warmup)
Chain [4] Iteration:  800 / 5000 [ 16%]  (Warmup)
Chain [2] Iteration:  800 / 5000 [ 16%]  (Warmup)
Chain [1] Iteration:  900 / 5000 [ 18%]  (Warmup)
Chain [3] Iteration:  700 / 5000 [ 14%]  (Warmup)
Chain [4] Iteration:  900 / 5000 [ 18%]  (Warmup)
Chain [2] Iteration:  900 / 5000 [ 18%]  (Warmup)
Chain [1] Iteration: 1000 / 5000 [ 20%]  (Warmup)
Chain [3] Iteration:  800 / 5000 [ 16%]  (Warmup)
Chain [4] Iteration: 1000 / 5000 [ 20%]  (Warmup)
Chain [2] Iteration: 1000 / 5000 [ 20%]  (Warmup)
Chain [1] Iteration: 1100 / 5000 [ 22%]  (Warmup)
Chain [3] Iteration:  900 / 5000 [ 18%]  (Warmup)
Chain [4] Iteration: 1100 / 5000 [ 22%]  (Warmup)
Chain [2] Iteration: 1100 / 5000 [ 22%]  (Warmup)
Chain [1] Iteration: 1200 / 5000 [ 24%]  (Warmup)
Chain [3] Iteration: 1000 / 5000 [ 20%]  (Warmup)
Chain [4] Iteration: 1200 / 5000 [ 24%]  (Warmup)
Chain [2] Iteration: 1200 / 5000 [ 24%]  (Warmup)
Chain [1] Iteration: 1300 / 5000 [ 26%]  (Warmup)
Chain [3] Iteration: 1100 / 5000 [ 22%]  (Warmup)
Chain [4] Iteration: 1300 / 5000 [ 26%]  (Warmup)
Chain [2] Iteration: 1300 / 5000 [ 26%]  (Warmup)
Chain [1] Iteration: 1400 / 5000 [ 28%]  (Warmup)
Chain [3] Iteration: 1200 / 5000 [ 24%]  (Warmup)
Chain [4] Iteration: 1400 / 5000 [ 28%]  (Warmup)
Chain [2] Iteration: 1400 / 5000 [ 28%]  (Warmup)
Chain [1] Iteration: 1500 / 5000 [ 30%]  (Warmup)
Chain [3] Iteration: 1300 / 5000 [ 26%]  (Warmup)
Chain [4] Iteration: 1500 / 5000 [ 30%]  (Warmup)
Chain [2] Iteration: 1500 / 5000 [ 30%]  (Warmup)
Chain [1] Iteration: 1600 / 5000 [ 32%]  (Warmup)
Chain [3] Iteration: 1400 / 5000 [ 28%]  (Warmup)
Chain [4] Iteration: 1600 / 5000 [ 32%]  (Warmup)
Chain [2] Iteration: 1600 / 5000 [ 32%]  (Warmup)
Chain [1] Iteration: 1700 / 5000 [ 34%]  (Warmup)
Chain [3] Iteration: 1500 / 5000 [ 30%]  (Warmup)
Chain [4] Iteration: 1700 / 5000 [ 34%]  (Warmup)
Chain [2] Iteration: 1700 / 5000 [ 34%]  (Warmup)
Chain [1] Iteration: 1800 / 5000 [ 36%]  (Warmup)
Chain [3] Iteration: 1600 / 5000 [ 32%]  (Warmup)
Chain [4] Iteration: 1800 / 5000 [ 36%]  (Warmup)
Chain [2] Iteration: 1800 / 5000 [ 36%]  (Warmup)
Chain [1] Iteration: 1900 / 5000 [ 38%]  (Warmup)
Chain [3] Iteration: 1700 / 5000 [ 34%]  (Warmup)
Chain [4] Iteration: 1900 / 5000 [ 38%]  (Warmup)
Chain [2] Iteration: 1900 / 5000 [ 38%]  (Warmup)
Chain [1] Iteration: 2000 / 5000 [ 40%]  (Warmup)
Chain [3] Iteration: 1800 / 5000 [ 36%]  (Warmup)
Chain [4] Iteration: 2000 / 5000 [ 40%]  (Warmup)
Chain [2] Iteration: 2000 / 5000 [ 40%]  (Warmup)
Chain [1] Iteration: 2100 / 5000 [ 42%]  (Warmup)
Chain [3] Iteration: 1900 / 5000 [ 38%]  (Warmup)
Chain [4] Iteration: 2100 / 5000 [ 42%]  (Warmup)
Chain [2] Iteration: 2100 / 5000 [ 42%]  (Warmup)
Chain [1] Iteration: 2200 / 5000 [ 44%]  (Warmup)
Chain [3] Iteration: 2000 / 5000 [ 40%]  (Warmup)
Chain [4] Iteration: 2200 / 5000 [ 44%]  (Warmup)
Chain [2] Iteration: 2200 / 5000 [ 44%]  (Warmup)
Chain [1] Iteration: 2300 / 5000 [ 46%]  (Warmup)
Chain [3] Iteration: 2100 / 5000 [ 42%]  (Warmup)
Chain [2] Iteration: 2300 / 5000 [ 46%]  (Warmup)
Chain [4] Iteration: 2300 / 5000 [ 46%]  (Warmup)
Chain [1] Iteration: 2400 / 5000 [ 48%]  (Warmup)
Chain [3] Iteration: 2200 / 5000 [ 44%]  (Warmup)
Chain [2] Iteration: 2400 / 5000 [ 48%]  (Warmup)
Chain [4] Iteration: 2400 / 5000 [ 48%]  (Warmup)
Chain [3] Iteration: 2300 / 5000 [ 46%]  (Warmup)
Chain [1] Iteration: 2500 / 5000 [ 50%]  (Warmup)
Chain [1] Iteration: 2501 / 5000 [ 50%]  (Sampling)
Chain [2] Iteration: 2500 / 5000 [ 50%]  (Warmup)
Chain [2] Iteration: 2501 / 5000 [ 50%]  (Sampling)
Chain [4] Iteration: 2500 / 5000 [ 50%]  (Warmup)
Chain [4] Iteration: 2501 / 5000 [ 50%]  (Sampling)
Chain [3] Iteration: 2400 / 5000 [ 48%]  (Warmup)
Chain [1] Iteration: 2600 / 5000 [ 52%]  (Sampling)
Chain [2] Iteration: 2600 / 5000 [ 52%]  (Sampling)
Chain [4] Iteration: 2600 / 5000 [ 52%]  (Sampling)
Chain [3] Iteration: 2500 / 5000 [ 50%]  (Warmup)
Chain [3] Iteration: 2501 / 5000 [ 50%]  (Sampling)
Chain [1] Iteration: 2700 / 5000 [ 54%]  (Sampling)
Chain [2] Iteration: 2700 / 5000 [ 54%]  (Sampling)
Chain [4] Iteration: 2700 / 5000 [ 54%]  (Sampling)
Chain [3] Iteration: 2600 / 5000 [ 52%]  (Sampling)
Chain [1] Iteration: 2800 / 5000 [ 56%]  (Sampling)
Chain [2] Iteration: 2800 / 5000 [ 56%]  (Sampling)
Chain [4] Iteration: 2800 / 5000 [ 56%]  (Sampling)
Chain [3] Iteration: 2700 / 5000 [ 54%]  (Sampling)
Chain [1] Iteration: 2900 / 5000 [ 58%]  (Sampling)
Chain [2] Iteration: 2900 / 5000 [ 58%]  (Sampling)
Chain [4] Iteration: 2900 / 5000 [ 58%]  (Sampling)
Chain [3] Iteration: 2800 / 5000 [ 56%]  (Sampling)
Chain [1] Iteration: 3000 / 5000 [ 60%]  (Sampling)
Chain [2] Iteration: 3000 / 5000 [ 60%]  (Sampling)
Chain [4] Iteration: 3000 / 5000 [ 60%]  (Sampling)
Chain [3] Iteration: 2900 / 5000 [ 58%]  (Sampling)
Chain [1] Iteration: 3100 / 5000 [ 62%]  (Sampling)
Chain [2] Iteration: 3100 / 5000 [ 62%]  (Sampling)
Chain [4] Iteration: 3100 / 5000 [ 62%]  (Sampling)
Chain [3] Iteration: 3000 / 5000 [ 60%]  (Sampling)
Chain [1] Iteration: 3200 / 5000 [ 64%]  (Sampling)
Chain [2] Iteration: 3200 / 5000 [ 64%]  (Sampling)
Chain [4] Iteration: 3200 / 5000 [ 64%]  (Sampling)
Chain [3] Iteration: 3100 / 5000 [ 62%]  (Sampling)
Chain [1] Iteration: 3300 / 5000 [ 66%]  (Sampling)
Chain [2] Iteration: 3300 / 5000 [ 66%]  (Sampling)
Chain [4] Iteration: 3300 / 5000 [ 66%]  (Sampling)
Chain [3] Iteration: 3200 / 5000 [ 64%]  (Sampling)
Chain [1] Iteration: 3400 / 5000 [ 68%]  (Sampling)
Chain [2] Iteration: 3400 / 5000 [ 68%]  (Sampling)
Chain [4] Iteration: 3400 / 5000 [ 68%]  (Sampling)
Chain [3] Iteration: 3300 / 5000 [ 66%]  (Sampling)
Chain [1] Iteration: 3500 / 5000 [ 70%]  (Sampling)
Chain [2] Iteration: 3500 / 5000 [ 70%]  (Sampling)
Chain [4] Iteration: 3500 / 5000 [ 70%]  (Sampling)
Chain [3] Iteration: 3400 / 5000 [ 68%]  (Sampling)
Chain [1] Iteration: 3600 / 5000 [ 72%]  (Sampling)
Chain [2] Iteration: 3600 / 5000 [ 72%]  (Sampling)
Chain [4] Iteration: 3600 / 5000 [ 72%]  (Sampling)
Chain [3] Iteration: 3500 / 5000 [ 70%]  (Sampling)
Chain [1] Iteration: 3700 / 5000 [ 74%]  (Sampling)
Chain [2] Iteration: 3700 / 5000 [ 74%]  (Sampling)
Chain [4] Iteration: 3700 / 5000 [ 74%]  (Sampling)
Chain [3] Iteration: 3600 / 5000 [ 72%]  (Sampling)
Chain [1] Iteration: 3800 / 5000 [ 76%]  (Sampling)
Chain [2] Iteration: 3800 / 5000 [ 76%]  (Sampling)
Chain [4] Iteration: 3800 / 5000 [ 76%]  (Sampling)
Chain [3] Iteration: 3700 / 5000 [ 74%]  (Sampling)
Chain [1] Iteration: 3900 / 5000 [ 78%]  (Sampling)
Chain [2] Iteration: 3900 / 5000 [ 78%]  (Sampling)
Chain [4] Iteration: 3900 / 5000 [ 78%]  (Sampling)
Chain [3] Iteration: 3800 / 5000 [ 76%]  (Sampling)
Chain [1] Iteration: 4000 / 5000 [ 80%]  (Sampling)
Chain [2] Iteration: 4000 / 5000 [ 80%]  (Sampling)
Chain [4] Iteration: 4000 / 5000 [ 80%]  (Sampling)
Chain [3] Iteration: 3900 / 5000 [ 78%]  (Sampling)
Chain [1] Iteration: 4100 / 5000 [ 82%]  (Sampling)
Chain [2] Iteration: 4100 / 5000 [ 82%]  (Sampling)
Chain [4] Iteration: 4100 / 5000 [ 82%]  (Sampling)
Chain [3] Iteration: 4000 / 5000 [ 80%]  (Sampling)
Chain [1] Iteration: 4200 / 5000 [ 84%]  (Sampling)
Chain [2] Iteration: 4200 / 5000 [ 84%]  (Sampling)
Chain [4] Iteration: 4200 / 5000 [ 84%]  (Sampling)
Chain [3] Iteration: 4100 / 5000 [ 82%]  (Sampling)
Chain [1] Iteration: 4300 / 5000 [ 86%]  (Sampling)
Chain [2] Iteration: 4300 / 5000 [ 86%]  (Sampling)
Chain [4] Iteration: 4300 / 5000 [ 86%]  (Sampling)
Chain [3] Iteration: 4200 / 5000 [ 84%]  (Sampling)
Chain [1] Iteration: 4400 / 5000 [ 88%]  (Sampling)
Chain [2] Iteration: 4400 / 5000 [ 88%]  (Sampling)
Chain [4] Iteration: 4400 / 5000 [ 88%]  (Sampling)
Chain [3] Iteration: 4300 / 5000 [ 86%]  (Sampling)
Chain [1] Iteration: 4500 / 5000 [ 90%]  (Sampling)
Chain [2] Iteration: 4500 / 5000 [ 90%]  (Sampling)
Chain [4] Iteration: 4500 / 5000 [ 90%]  (Sampling)
Chain [3] Iteration: 4400 / 5000 [ 88%]  (Sampling)
Chain [1] Iteration: 4600 / 5000 [ 92%]  (Sampling)
Chain [2] Iteration: 4600 / 5000 [ 92%]  (Sampling)
Chain [4] Iteration: 4600 / 5000 [ 92%]  (Sampling)
Chain [3] Iteration: 4500 / 5000 [ 90%]  (Sampling)
Chain [1] Iteration: 4700 / 5000 [ 94%]  (Sampling)
Chain [2] Iteration: 4700 / 5000 [ 94%]  (Sampling)
Chain [4] Iteration: 4700 / 5000 [ 94%]  (Sampling)
Chain [3] Iteration: 4600 / 5000 [ 92%]  (Sampling)
Chain [1] Iteration: 4800 / 5000 [ 96%]  (Sampling)
Chain [2] Iteration: 4800 / 5000 [ 96%]  (Sampling)
Chain [4] Iteration: 4800 / 5000 [ 96%]  (Sampling)
Chain [3] Iteration: 4700 / 5000 [ 94%]  (Sampling)
Chain [1] Iteration: 4900 / 5000 [ 98%]  (Sampling)
Chain [2] Iteration: 4900 / 5000 [ 98%]  (Sampling)
Chain [4] Iteration: 4900 / 5000 [ 98%]  (Sampling)
Chain [3] Iteration: 4800 / 5000 [ 96%]  (Sampling)
Chain [1] Iteration: 5000 / 5000 [100%]  (Sampling)
Chain [1] 
Chain [1] Elapsed Time: 12.106 seconds (Warm-up)
Chain [1] 13.394 seconds (Sampling)
Chain [1] 25.5 seconds (Total)
Chain [1] 
Chain [1] 
12:03:30 - cmdstanpy - INFO - Chain [1] done processing
Chain [2] Iteration: 5000 / 5000 [100%]  (Sampling)
Chain [2] 
Chain [2] Elapsed Time: 12.266 seconds (Warm-up)
Chain [2] 13.348 seconds (Sampling)
Chain [2] 25.614 seconds (Total)
Chain [2] 
Chain [2] 
Chain [2] 
12:03:30 - cmdstanpy - INFO - Chain [2] done processing
Chain [4] Iteration: 5000 / 5000 [100%]  (Sampling)
Chain [4] 
Chain [4] Elapsed Time: 12.287 seconds (Warm-up)
Chain [4] 13.387 seconds (Sampling)
Chain [4] 25.674 seconds (Total)
Chain [4] 
Chain [4] 
12:03:30 - cmdstanpy - INFO - Chain [4] done processing
Chain [3] Iteration: 4900 / 5000 [ 98%]  (Sampling)
Chain [3] Iteration: 5000 / 5000 [100%]  (Sampling)
Chain [3] 
Chain [3] Elapsed Time: 12.891 seconds (Warm-up)
Chain [3] 13.324 seconds (Sampling)
Chain [3] 26.215 seconds (Total)
Chain [3] 
Chain [3] 
Chain [3] 
12:03:30 - cmdstanpy - INFO - Chain [3] done processing
