Namespace(copiesDat='data/not_shared/prox4.0_donor-noacute_recipient-exclusivelymonogamous_RCCSdata_R001_R019_all_copies_merged_d.tsv', periodDat='data/not_shared/prox4.0_donor-noacute_recipient-exclusivelymonogamous_RCCSdata_R001_R019_all_copies_merged_p_d.tsv', stan='stan/vl_trans.stan', transVL='prox', transForm='ve', vSuprMin=0.0, vSuprMax=1.0, vWin=4, linkedPeriods='output/couples_linkage_sum_simple.tsv', allowSaturation=1, c=1, label='ve_constrained_0_1')
Fitting VL model to 9633 pre-treatment viral load measurements taken from 7105 individuals of which 8100 are above the LOD.
Fitting transmission rate model to 111 seroconversions accumulated over 1701.9192334017796 couple-years of follow-up during 1217 coupling periods among 650 couples
Using the proximal model for the relationship between viral load and transmission rate
Assuming that viral load measurements are valid for a 4 year window around the observed date
22:07:19 - cmdstanpy - INFO - Chain [1] start processing
22:07:19 - cmdstanpy - INFO - Chain [2] start processing
22:07:19 - cmdstanpy - INFO - Chain [3] start processing
22:07:19 - cmdstanpy - INFO - Chain [4] start processing
Chain [1] method = sample (Default)
Chain [4] method = sample (Default)
Chain [4] sampleChain [1] sample
Chain [1] num_samples = 2500
Chain [1] num_warmup = 2500
Chain [1] save_warmup = false (Default)
Chain [1] thin = 1 (Default)
Chain [1] adapt
Chain [1] engaged = true (Default)
Chain [1] gamma = 0.05 (Default)
Chain [4] num_samples = 2500
Chain [4] num_warmup = 2500
Chain [4] save_warmup = false (Default)
Chain [4] thin = 1 (Default)
Chain [4] adapt
Chain [4] engaged = true (Default)
Chain [4] gamma = 0.05 (Default)
Chain [4] delta = 0.8 (Default)
Chain [4] kappa = 0.75 (Default)
Chain [4] t0 = 10 (Default)
Chain [4] init_buffer = 75 (Default)
Chain [4] term_buffer = 50 (Default)
Chain [4] window = 25 (Default)
Chain [4] save_metric = false (Default)
Chain [4] algorithm = hmc (Default)
Chain [4] hmc
Chain [4] engine = nuts (Default)
Chain [4] nuts
Chain [4] max_depth = 10 (Default)
Chain [4] metric = diag_e (Default)
Chain [4] metric_file =  (Default)
Chain [4] stepsize = 1 (Default)
Chain [4] stepsize_jitter = 0 (Default)
Chain [4] num_chains = 1 (Default)
Chain [4] id = 4
Chain [4] data
Chain [4] file = /var/folders/ng/kyfdmtj54bbc_0vg2nh3lthr0000gn/T/tmpu4nve_sa/sg38g2ie.json
Chain [4] init = /var/folders/ng/kyfdmtj54bbc_0vg2nh3lthr0000gn/T/tmpu4nve_sa/acgaqqu3.json
Chain [4] random
Chain [4] seed = 71778
Chain [4] output
Chain [4] file = /Users/michael/Dropbox/hiv_low_level_viremia/hiv_low_level_viremia_clean/output/ve_constrained_0_1/vl_trans-20260914220719_4.csv
Chain [4] diagnostic_file =  (Default)
Chain [4] refresh = 100 (Default)
Chain [4] sig_figs = 8 (Default)
Chain [4] profile_file = profile.csv (Default)
Chain [4] save_cmdstan_config = false (Default)
Chain [4] num_threads = 1 (Default)

Chain [1] delta = 0.8 (Default)Chain [4] 

Chain [1] kappa = 0.75 (Default)
Chain [1] t0 = 10 (Default)
Chain [1] init_buffer = 75 (Default)
Chain [1] term_buffer = 50 (Default)
Chain [1] window = 25 (Default)
Chain [1] save_metric = false (Default)
Chain [1] algorithm = hmc (Default)
Chain [1] hmc
Chain [1] engine = nuts (Default)
Chain [1] nuts
Chain [1] max_depth = 10 (Default)
Chain [1] metric = diag_e (Default)
Chain [1] metric_file =  (Default)
Chain [1] stepsize = 1 (Default)
Chain [1] stepsize_jitter = 0 (Default)
Chain [1] num_chains = 1 (Default)
Chain [1] id = 1 (Default)
Chain [1] data
Chain [1] file = /var/folders/ng/kyfdmtj54bbc_0vg2nh3lthr0000gn/T/tmpu4nve_sa/sg38g2ie.json
Chain [1] init = /var/folders/ng/kyfdmtj54bbc_0vg2nh3lthr0000gn/T/tmpu4nve_sa/acgaqqu3.json
Chain [1] random
Chain [1] seed = 71778
Chain [1] output
Chain [1] file = /Users/michael/Dropbox/hiv_low_level_viremia/hiv_low_level_viremia_clean/output/ve_constrained_0_1/vl_trans-20260914220719_1.csv
Chain [1] diagnostic_file =  (Default)
Chain [1] refresh = 100 (Default)
Chain [1] sig_figs = 8 (Default)
Chain [1] profile_file = profile.csv (Default)
Chain [1] save_cmdstan_config = false (Default)
Chain [1] num_threads = 1 (Default)
Chain [1] 
Chain [3] method = sample (Default)
Chain [3] sample
Chain [3] num_samples = 2500
Chain [3] num_warmup = 2500
Chain [3] save_warmup = false (Default)
Chain [3] thin = 1 (Default)
Chain [3] adapt
Chain [3] engaged = true (Default)
Chain [3] gamma = 0.05 (Default)
Chain [3] delta = 0.8 (Default)
Chain [3] kappa = 0.75 (Default)
Chain [3] t0 = 10 (Default)
Chain [3] init_buffer = 75 (Default)
Chain [3] term_buffer = 50 (Default)
Chain [3] window = 25 (Default)
Chain [3] save_metric = false (Default)
Chain [3] algorithm = hmc (Default)
Chain [3] hmc
Chain [3] engine = nuts (Default)
Chain [3] nuts
Chain [3] max_depth = 10 (Default)
Chain [3] metric = diag_e (Default)
Chain [3] metric_file =  (Default)
Chain [3] stepsize = 1 (Default)
Chain [3] stepsize_jitter = 0 (Default)
Chain [3] num_chains = 1 (Default)
Chain [3] id = 3
Chain [3] data
Chain [3] file = /var/folders/ng/kyfdmtj54bbc_0vg2nh3lthr0000gn/T/tmpu4nve_sa/sg38g2ie.json
Chain [3] init = /var/folders/ng/kyfdmtj54bbc_0vg2nh3lthr0000gn/T/tmpu4nve_sa/acgaqqu3.json
Chain [3] random
Chain [3] seed = 71778
Chain [3] output
Chain [3] file = /Users/michael/Dropbox/hiv_low_level_viremia/hiv_low_level_viremia_clean/output/ve_constrained_0_1/vl_trans-20260914220719_3.csv
Chain [3] diagnostic_file =  (Default)
Chain [3] refresh = 100 (Default)
Chain [3] sig_figs = 8 (Default)
Chain [3] profile_file = profile.csv (Default)
Chain [3] save_cmdstan_config = false (Default)
Chain [3] num_threads = 1 (Default)
Chain [3] 
Chain [2] method = sample (Default)
Chain [2] sample
Chain [2] num_samples = 2500
Chain [2] num_warmup = 2500
Chain [2] save_warmup = false (Default)
Chain [2] thin = 1 (Default)
Chain [2] adapt
Chain [2] engaged = true (Default)
Chain [2] gamma = 0.05 (Default)
Chain [2] delta = 0.8 (Default)
Chain [2] kappa = 0.75 (Default)
Chain [2] t0 = 10 (Default)
Chain [2] init_buffer = 75 (Default)
Chain [2] term_buffer = 50 (Default)
Chain [2] window = 25 (Default)
Chain [2] save_metric = false (Default)
Chain [2] algorithm = hmc (Default)
Chain [2] hmc
Chain [2] engine = nuts (Default)
Chain [2] nuts
Chain [2] max_depth = 10 (Default)
Chain [2] metric = diag_e (Default)
Chain [2] metric_file =  (Default)
Chain [2] stepsize = 1 (Default)
Chain [2] stepsize_jitter = 0 (Default)
Chain [2] num_chains = 1 (Default)
Chain [2] id = 2
Chain [2] data
Chain [2] file = /var/folders/ng/kyfdmtj54bbc_0vg2nh3lthr0000gn/T/tmpu4nve_sa/sg38g2ie.json
Chain [2] init = /var/folders/ng/kyfdmtj54bbc_0vg2nh3lthr0000gn/T/tmpu4nve_sa/acgaqqu3.json
Chain [2] random
Chain [2] seed = 71778
Chain [2] output
Chain [2] file = /Users/michael/Dropbox/hiv_low_level_viremia/hiv_low_level_viremia_clean/output/ve_constrained_0_1/vl_trans-20260914220719_2.csv
Chain [2] diagnostic_file =  (Default)
Chain [2] refresh = 100 (Default)
Chain [2] sig_figs = 8 (Default)
Chain [2] profile_file = profile.csv (Default)
Chain [2] save_cmdstan_config = false (Default)
Chain [2] num_threads = 1 (Default)
Chain [2] 
Chain [4] 
Chain [4] Gradient evaluation took 0.014558 seconds
Chain [4] 1000 transitions using 10 leapfrog steps per transition would take 145.58 seconds.
Chain [4] Adjust your expectations accordingly!
Chain [4] 
Chain [4] 
Chain [1] 
Chain [1] Gradient evaluation took 0.014828 seconds
Chain [1] 1000 transitions using 10 leapfrog steps per transition would take 148.28 seconds.
Chain [1] Adjust your expectations accordingly!
Chain [1] 
Chain [1] 
Chain [3] 
Chain [3] Gradient evaluation took 0.013175 seconds
Chain [3] 1000 transitions using 10 leapfrog steps per transition would take 131.75 seconds.
Chain [3] Adjust your expectations accordingly!
Chain [3] 
Chain [3] 
Chain [3] Informational Message: The current Metropolis proposal is about to be rejected because of the following issue:
Chain [1] Informational Message: The current Metropolis proposal is about to be rejected because of the following issue:
Chain [1] Exception: normal_lcdf: Scale parameter is 0, but must be positive! (in 'vl_trans.stan', line 517, column 6 to column 95)
Chain [1] If this warning occurs sporadically, such as for highly constrained variable types like covariance matrices, then the sampler is fine,
Chain [1] but if this warning occurs often then your model may be either severely ill-conditioned or misspecified.Chain [4] Informational Message: The current Metropolis proposal is about to be rejected because of the following issue:
Chain [3] Exception: normal_lcdf: Scale parameter is 0, but must be positive! (in 'vl_trans.stan', line 517, column 6 to column 95)
Chain [1] 

Chain [3] If this warning occurs sporadically, such as for highly constrained variable types like covariance matrices, then the sampler is fine,
Chain [3] but if this warning occurs often then your model may be either severely ill-conditioned or misspecified.Chain [4] Exception: normal_lcdf: Scale parameter is 0, but must be positive! (in 'vl_trans.stan', line 517, column 6 to column 95)
Chain [4] If this warning occurs sporadically, such as for highly constrained variable types like covariance matrices, then the sampler is fine,

Chain [4] but if this warning occurs often then your model may be either severely ill-conditioned or misspecified.
Chain [3] 
Chain [4] 
Chain [2] 
Chain [2] Gradient evaluation took 0.011223 seconds
Chain [2] 1000 transitions using 10 leapfrog steps per transition would take 112.23 seconds.
Chain [2] Adjust your expectations accordingly!
Chain [2] 
Chain [2] 
Chain [1] Informational Message: The current Metropolis proposal is about to be rejected because of the following issue:
Chain [1] Exception: normal_lcdf: Scale parameter is 0, but must be positive! (in 'vl_trans.stan', line 517, column 6 to column 95)
Chain [1] If this warning occurs sporadically, such as for highly constrained variable types like covariance matrices, then the sampler is fine,
Chain [1] but if this warning occurs often then your model may be either severely ill-conditioned or misspecified.
Chain [1] Chain [3] Informational Message: The current Metropolis proposal is about to be rejected because of the following issue:
Chain [3] Exception: normal_lcdf: Scale parameter is 0, but must be positive! (in 'vl_trans.stan', line 517, column 6 to column 95)

Chain [3] If this warning occurs sporadically, such as for highly constrained variable types like covariance matrices, then the sampler is fine,
Chain [3] but if this warning occurs often then your model may be either severely ill-conditioned or misspecified.
Chain [4] Informational Message: The current Metropolis proposal is about to be rejected because of the following issue:
Chain [3] Chain [4] Exception: normal_lcdf: Scale parameter is 0, but must be positive! (in 'vl_trans.stan', line 517, column 6 to column 95)
Chain [4] If this warning occurs sporadically, such as for highly constrained variable types like covariance matrices, then the sampler is fine,
Chain [4] but if this warning occurs often then your model may be either severely ill-conditioned or misspecified.
Chain [4] 

Chain [2] Informational Message: The current Metropolis proposal is about to be rejected because of the following issue:
Chain [2] Exception: normal_lcdf: Scale parameter is 0, but must be positive! (in 'vl_trans.stan', line 517, column 6 to column 95)
Chain [2] If this warning occurs sporadically, such as for highly constrained variable types like covariance matrices, then the sampler is fine,
Chain [2] but if this warning occurs often then your model may be either severely ill-conditioned or misspecified.
Chain [2] 
Chain [2] Informational Message: The current Metropolis proposal is about to be rejected because of the following issue:
Chain [2] Exception: normal_lcdf: Scale parameter is 0, but must be positive! (in 'vl_trans.stan', line 517, column 6 to column 95)
Chain [2] If this warning occurs sporadically, such as for highly constrained variable types like covariance matrices, then the sampler is fine,
Chain [2] but if this warning occurs often then your model may be either severely ill-conditioned or misspecified.
Chain [2] 
Chain [4] Iteration:    1 / 5000 [  0%]  (Warmup)
Chain [3] Iteration:    1 / 5000 [  0%]  (Warmup)
Chain [1] Iteration:    1 / 5000 [  0%]  (Warmup)
Chain [2] Iteration:    1 / 5000 [  0%]  (Warmup)
Chain [4] Informational Message: The current Metropolis proposal is about to be rejected because of the following issue:
Chain [4] Exception: Exception: normal_lcdf: Location parameter is inf, but must be finite! (in 'vl_trans.stan', line 35, column 4 to column 52) (in 'vl_trans.stan', line 549, column 2 to line 550, column 112)
Chain [4] If this warning occurs sporadically, such as for highly constrained variable types like covariance matrices, then the sampler is fine,
Chain [4] but if this warning occurs often then your model may be either severely ill-conditioned or misspecified.
Chain [4] 
Chain [1] Informational Message: The current Metropolis proposal is about to be rejected because of the following issue:
Chain [1] Exception: normal_lcdf: Location parameter is inf, but must be finite! (in 'vl_trans.stan', line 517, column 6 to column 95)
Chain [1] If this warning occurs sporadically, such as for highly constrained variable types like covariance matrices, then the sampler is fine,
Chain [1] but if this warning occurs often then your model may be either severely ill-conditioned or misspecified.
Chain [1] 
Chain [1] Informational Message: The current Metropolis proposal is about to be rejected because of the following issue:
Chain [1] Exception: normal_lcdf: Location parameter is inf, but must be finite! (in 'vl_trans.stan', line 517, column 6 to column 95)
Chain [1] If this warning occurs sporadically, such as for highly constrained variable types like covariance matrices, then the sampler is fine,
Chain [1] but if this warning occurs often then your model may be either severely ill-conditioned or misspecified.
Chain [1] 
Chain [4] Informational Message: The current Metropolis proposal is about to be rejected because of the following issue:
Chain [4] Exception: Exception: normal_lcdf: Location parameter is inf, but must be finite! (in 'vl_trans.stan', line 35, column 4 to column 52) (in 'vl_trans.stan', line 566, column 2 to line 567, column 106)
Chain [4] If this warning occurs sporadically, such as for highly constrained variable types like covariance matrices, then the sampler is fine,
Chain [4] but if this warning occurs often then your model may be either severely ill-conditioned or misspecified.
Chain [4] 
Chain [2] Informational Message: The current Metropolis proposal is about to be rejected because of the following issue:
Chain [2] Exception: normal_lcdf: Location parameter is inf, but must be finite! (in 'vl_trans.stan', line 517, column 6 to column 95)
Chain [2] If this warning occurs sporadically, such as for highly constrained variable types like covariance matrices, then the sampler is fine,
Chain [2] but if this warning occurs often then your model may be either severely ill-conditioned or misspecified.
Chain [2] 
Chain [2] Informational Message: The current Metropolis proposal is about to be rejected because of the following issue:
Chain [2] Exception: normal_lcdf: Location parameter is inf, but must be finite! (in 'vl_trans.stan', line 517, column 6 to column 95)
Chain [2] If this warning occurs sporadically, such as for highly constrained variable types like covariance matrices, then the sampler is fine,
Chain [2] but if this warning occurs often then your model may be either severely ill-conditioned or misspecified.
Chain [2] 
Chain [3] Informational Message: The current Metropolis proposal is about to be rejected because of the following issue:
Chain [3] Exception: Exception: normal_lcdf: Location parameter is inf, but must be finite! (in 'vl_trans.stan', line 35, column 4 to column 52) (in 'vl_trans.stan', line 549, column 2 to line 550, column 112)
Chain [3] If this warning occurs sporadically, such as for highly constrained variable types like covariance matrices, then the sampler is fine,
Chain [3] but if this warning occurs often then your model may be either severely ill-conditioned or misspecified.
Chain [3] 
Chain [3] Informational Message: The current Metropolis proposal is about to be rejected because of the following issue:
Chain [3] Exception: Exception: normal_lcdf: Location parameter is inf, but must be finite! (in 'vl_trans.stan', line 35, column 4 to column 52) (in 'vl_trans.stan', line 566, column 2 to line 567, column 106)
Chain [3] If this warning occurs sporadically, such as for highly constrained variable types like covariance matrices, then the sampler is fine,
Chain [3] but if this warning occurs often then your model may be either severely ill-conditioned or misspecified.
Chain [3] 
Chain [3] Iteration:  100 / 5000 [  2%]  (Warmup)
Chain [1] Iteration:  100 / 5000 [  2%]  (Warmup)
Chain [2] Iteration:  100 / 5000 [  2%]  (Warmup)
Chain [4] Iteration:  100 / 5000 [  2%]  (Warmup)
Chain [3] Iteration:  200 / 5000 [  4%]  (Warmup)
Chain [2] Iteration:  200 / 5000 [  4%]  (Warmup)
Chain [1] Iteration:  200 / 5000 [  4%]  (Warmup)
Chain [4] Iteration:  200 / 5000 [  4%]  (Warmup)
Chain [3] Iteration:  300 / 5000 [  6%]  (Warmup)
Chain [2] Iteration:  300 / 5000 [  6%]  (Warmup)
Chain [1] Iteration:  300 / 5000 [  6%]  (Warmup)
Chain [4] Iteration:  300 / 5000 [  6%]  (Warmup)
Chain [2] Iteration:  400 / 5000 [  8%]  (Warmup)
Chain [3] Iteration:  400 / 5000 [  8%]  (Warmup)
Chain [1] Iteration:  400 / 5000 [  8%]  (Warmup)
Chain [4] Iteration:  400 / 5000 [  8%]  (Warmup)
Chain [2] Iteration:  500 / 5000 [ 10%]  (Warmup)
Chain [3] Iteration:  500 / 5000 [ 10%]  (Warmup)
Chain [1] Iteration:  500 / 5000 [ 10%]  (Warmup)
Chain [4] Iteration:  500 / 5000 [ 10%]  (Warmup)
Chain [2] Iteration:  600 / 5000 [ 12%]  (Warmup)
Chain [3] Iteration:  600 / 5000 [ 12%]  (Warmup)
Chain [1] Iteration:  600 / 5000 [ 12%]  (Warmup)
Chain [4] Iteration:  600 / 5000 [ 12%]  (Warmup)
Chain [2] Iteration:  700 / 5000 [ 14%]  (Warmup)
Chain [3] Iteration:  700 / 5000 [ 14%]  (Warmup)
Chain [1] Iteration:  700 / 5000 [ 14%]  (Warmup)
Chain [4] Iteration:  700 / 5000 [ 14%]  (Warmup)
Chain [2] Iteration:  800 / 5000 [ 16%]  (Warmup)
Chain [3] Iteration:  800 / 5000 [ 16%]  (Warmup)
Chain [1] Iteration:  800 / 5000 [ 16%]  (Warmup)
Chain [4] Iteration:  800 / 5000 [ 16%]  (Warmup)
Chain [3] Iteration:  900 / 5000 [ 18%]  (Warmup)
Chain [2] Iteration:  900 / 5000 [ 18%]  (Warmup)
Chain [1] Iteration:  900 / 5000 [ 18%]  (Warmup)
Chain [4] Iteration:  900 / 5000 [ 18%]  (Warmup)
Chain [3] Iteration: 1000 / 5000 [ 20%]  (Warmup)
Chain [2] Iteration: 1000 / 5000 [ 20%]  (Warmup)
Chain [1] Iteration: 1000 / 5000 [ 20%]  (Warmup)
Chain [4] Iteration: 1000 / 5000 [ 20%]  (Warmup)
Chain [2] Iteration: 1100 / 5000 [ 22%]  (Warmup)
Chain [3] Iteration: 1100 / 5000 [ 22%]  (Warmup)
Chain [1] Iteration: 1100 / 5000 [ 22%]  (Warmup)
Chain [4] Iteration: 1100 / 5000 [ 22%]  (Warmup)
Chain [2] Iteration: 1200 / 5000 [ 24%]  (Warmup)
Chain [3] Iteration: 1200 / 5000 [ 24%]  (Warmup)
Chain [1] Iteration: 1200 / 5000 [ 24%]  (Warmup)
Chain [4] Iteration: 1200 / 5000 [ 24%]  (Warmup)
Chain [2] Iteration: 1300 / 5000 [ 26%]  (Warmup)
Chain [3] Iteration: 1300 / 5000 [ 26%]  (Warmup)
Chain [1] Iteration: 1300 / 5000 [ 26%]  (Warmup)
Chain [2] Iteration: 1400 / 5000 [ 28%]  (Warmup)
Chain [4] Iteration: 1300 / 5000 [ 26%]  (Warmup)
Chain [3] Iteration: 1400 / 5000 [ 28%]  (Warmup)
Chain [1] Iteration: 1400 / 5000 [ 28%]  (Warmup)
Chain [4] Iteration: 1400 / 5000 [ 28%]  (Warmup)
Chain [2] Iteration: 1500 / 5000 [ 30%]  (Warmup)
Chain [3] Iteration: 1500 / 5000 [ 30%]  (Warmup)
Chain [1] Iteration: 1500 / 5000 [ 30%]  (Warmup)
Chain [4] Iteration: 1500 / 5000 [ 30%]  (Warmup)
Chain [3] Iteration: 1600 / 5000 [ 32%]  (Warmup)
Chain [2] Iteration: 1600 / 5000 [ 32%]  (Warmup)
Chain [1] Iteration: 1600 / 5000 [ 32%]  (Warmup)
Chain [4] Iteration: 1600 / 5000 [ 32%]  (Warmup)
Chain [3] Iteration: 1700 / 5000 [ 34%]  (Warmup)
Chain [2] Iteration: 1700 / 5000 [ 34%]  (Warmup)
Chain [1] Iteration: 1700 / 5000 [ 34%]  (Warmup)
Chain [3] Iteration: 1800 / 5000 [ 36%]  (Warmup)
Chain [4] Iteration: 1700 / 5000 [ 34%]  (Warmup)
Chain [2] Iteration: 1800 / 5000 [ 36%]  (Warmup)
Chain [1] Iteration: 1800 / 5000 [ 36%]  (Warmup)
Chain [3] Iteration: 1900 / 5000 [ 38%]  (Warmup)
Chain [4] Iteration: 1800 / 5000 [ 36%]  (Warmup)
Chain [2] Iteration: 1900 / 5000 [ 38%]  (Warmup)
Chain [1] Iteration: 1900 / 5000 [ 38%]  (Warmup)
Chain [3] Iteration: 2000 / 5000 [ 40%]  (Warmup)
Chain [4] Iteration: 1900 / 5000 [ 38%]  (Warmup)
Chain [2] Iteration: 2000 / 5000 [ 40%]  (Warmup)
Chain [1] Iteration: 2000 / 5000 [ 40%]  (Warmup)
Chain [3] Iteration: 2100 / 5000 [ 42%]  (Warmup)
Chain [4] Iteration: 2000 / 5000 [ 40%]  (Warmup)
Chain [1] Iteration: 2100 / 5000 [ 42%]  (Warmup)
Chain [2] Iteration: 2100 / 5000 [ 42%]  (Warmup)
Chain [3] Iteration: 2200 / 5000 [ 44%]  (Warmup)
Chain [4] Iteration: 2100 / 5000 [ 42%]  (Warmup)
Chain [1] Iteration: 2200 / 5000 [ 44%]  (Warmup)
Chain [2] Iteration: 2200 / 5000 [ 44%]  (Warmup)
Chain [3] Iteration: 2300 / 5000 [ 46%]  (Warmup)
Chain [4] Iteration: 2200 / 5000 [ 44%]  (Warmup)
Chain [1] Iteration: 2300 / 5000 [ 46%]  (Warmup)
Chain [2] Iteration: 2300 / 5000 [ 46%]  (Warmup)
Chain [3] Iteration: 2400 / 5000 [ 48%]  (Warmup)
Chain [4] Iteration: 2300 / 5000 [ 46%]  (Warmup)
Chain [2] Iteration: 2400 / 5000 [ 48%]  (Warmup)
Chain [1] Iteration: 2400 / 5000 [ 48%]  (Warmup)
Chain [3] Iteration: 2500 / 5000 [ 50%]  (Warmup)
Chain [3] Iteration: 2501 / 5000 [ 50%]  (Sampling)
Chain [4] Iteration: 2400 / 5000 [ 48%]  (Warmup)
Chain [1] Iteration: 2500 / 5000 [ 50%]  (Warmup)
Chain [2] Iteration: 2500 / 5000 [ 50%]  (Warmup)
Chain [1] Iteration: 2501 / 5000 [ 50%]  (Sampling)
Chain [2] Iteration: 2501 / 5000 [ 50%]  (Sampling)
Chain [4] Iteration: 2500 / 5000 [ 50%]  (Warmup)
Chain [4] Iteration: 2501 / 5000 [ 50%]  (Sampling)
Chain [3] Iteration: 2600 / 5000 [ 52%]  (Sampling)
Chain [2] Iteration: 2600 / 5000 [ 52%]  (Sampling)
Chain [1] Iteration: 2600 / 5000 [ 52%]  (Sampling)
Chain [4] Iteration: 2600 / 5000 [ 52%]  (Sampling)
Chain [3] Iteration: 2700 / 5000 [ 54%]  (Sampling)
Chain [2] Iteration: 2700 / 5000 [ 54%]  (Sampling)
Chain [1] Iteration: 2700 / 5000 [ 54%]  (Sampling)
Chain [4] Iteration: 2700 / 5000 [ 54%]  (Sampling)
Chain [3] Iteration: 2800 / 5000 [ 56%]  (Sampling)
Chain [2] Iteration: 2800 / 5000 [ 56%]  (Sampling)
Chain [1] Iteration: 2800 / 5000 [ 56%]  (Sampling)
Chain [4] Iteration: 2800 / 5000 [ 56%]  (Sampling)
Chain [3] Iteration: 2900 / 5000 [ 58%]  (Sampling)
Chain [2] Iteration: 2900 / 5000 [ 58%]  (Sampling)
Chain [1] Iteration: 2900 / 5000 [ 58%]  (Sampling)
Chain [4] Iteration: 2900 / 5000 [ 58%]  (Sampling)
Chain [3] Iteration: 3000 / 5000 [ 60%]  (Sampling)
Chain [2] Iteration: 3000 / 5000 [ 60%]  (Sampling)
Chain [1] Iteration: 3000 / 5000 [ 60%]  (Sampling)
Chain [4] Iteration: 3000 / 5000 [ 60%]  (Sampling)
Chain [3] Iteration: 3100 / 5000 [ 62%]  (Sampling)
Chain [2] Iteration: 3100 / 5000 [ 62%]  (Sampling)
Chain [1] Iteration: 3100 / 5000 [ 62%]  (Sampling)
Chain [4] Iteration: 3100 / 5000 [ 62%]  (Sampling)
Chain [3] Iteration: 3200 / 5000 [ 64%]  (Sampling)
Chain [2] Iteration: 3200 / 5000 [ 64%]  (Sampling)
Chain [1] Iteration: 3200 / 5000 [ 64%]  (Sampling)
Chain [4] Iteration: 3200 / 5000 [ 64%]  (Sampling)
Chain [3] Iteration: 3300 / 5000 [ 66%]  (Sampling)
Chain [2] Iteration: 3300 / 5000 [ 66%]  (Sampling)
Chain [1] Iteration: 3300 / 5000 [ 66%]  (Sampling)
Chain [4] Iteration: 3300 / 5000 [ 66%]  (Sampling)
Chain [3] Iteration: 3400 / 5000 [ 68%]  (Sampling)
Chain [2] Iteration: 3400 / 5000 [ 68%]  (Sampling)
Chain [1] Iteration: 3400 / 5000 [ 68%]  (Sampling)
Chain [4] Iteration: 3400 / 5000 [ 68%]  (Sampling)
Chain [3] Iteration: 3500 / 5000 [ 70%]  (Sampling)
Chain [2] Iteration: 3500 / 5000 [ 70%]  (Sampling)
Chain [1] Iteration: 3500 / 5000 [ 70%]  (Sampling)
Chain [4] Iteration: 3500 / 5000 [ 70%]  (Sampling)
Chain [3] Iteration: 3600 / 5000 [ 72%]  (Sampling)
Chain [2] Iteration: 3600 / 5000 [ 72%]  (Sampling)
Chain [1] Iteration: 3600 / 5000 [ 72%]  (Sampling)
Chain [4] Iteration: 3600 / 5000 [ 72%]  (Sampling)
Chain [3] Iteration: 3700 / 5000 [ 74%]  (Sampling)
Chain [2] Iteration: 3700 / 5000 [ 74%]  (Sampling)
Chain [1] Iteration: 3700 / 5000 [ 74%]  (Sampling)
Chain [4] Iteration: 3700 / 5000 [ 74%]  (Sampling)
Chain [3] Iteration: 3800 / 5000 [ 76%]  (Sampling)
Chain [2] Iteration: 3800 / 5000 [ 76%]  (Sampling)
Chain [1] Iteration: 3800 / 5000 [ 76%]  (Sampling)
Chain [4] Iteration: 3800 / 5000 [ 76%]  (Sampling)
Chain [3] Iteration: 3900 / 5000 [ 78%]  (Sampling)
Chain [2] Iteration: 3900 / 5000 [ 78%]  (Sampling)
Chain [1] Iteration: 3900 / 5000 [ 78%]  (Sampling)
Chain [4] Iteration: 3900 / 5000 [ 78%]  (Sampling)
Chain [3] Iteration: 4000 / 5000 [ 80%]  (Sampling)
Chain [2] Iteration: 4000 / 5000 [ 80%]  (Sampling)
Chain [1] Iteration: 4000 / 5000 [ 80%]  (Sampling)
Chain [4] Iteration: 4000 / 5000 [ 80%]  (Sampling)
Chain [3] Iteration: 4100 / 5000 [ 82%]  (Sampling)
Chain [2] Iteration: 4100 / 5000 [ 82%]  (Sampling)
Chain [1] Iteration: 4100 / 5000 [ 82%]  (Sampling)
Chain [4] Iteration: 4100 / 5000 [ 82%]  (Sampling)
Chain [3] Iteration: 4200 / 5000 [ 84%]  (Sampling)
Chain [2] Iteration: 4200 / 5000 [ 84%]  (Sampling)
Chain [1] Iteration: 4200 / 5000 [ 84%]  (Sampling)
Chain [4] Iteration: 4200 / 5000 [ 84%]  (Sampling)
Chain [3] Iteration: 4300 / 5000 [ 86%]  (Sampling)
Chain [2] Iteration: 4300 / 5000 [ 86%]  (Sampling)
Chain [1] Iteration: 4300 / 5000 [ 86%]  (Sampling)
Chain [4] Iteration: 4300 / 5000 [ 86%]  (Sampling)
Chain [3] Iteration: 4400 / 5000 [ 88%]  (Sampling)
Chain [2] Iteration: 4400 / 5000 [ 88%]  (Sampling)
Chain [1] Iteration: 4400 / 5000 [ 88%]  (Sampling)
Chain [4] Iteration: 4400 / 5000 [ 88%]  (Sampling)
Chain [3] Iteration: 4500 / 5000 [ 90%]  (Sampling)
Chain [2] Iteration: 4500 / 5000 [ 90%]  (Sampling)
Chain [1] Iteration: 4500 / 5000 [ 90%]  (Sampling)
Chain [4] Iteration: 4500 / 5000 [ 90%]  (Sampling)
Chain [3] Iteration: 4600 / 5000 [ 92%]  (Sampling)
Chain [2] Iteration: 4600 / 5000 [ 92%]  (Sampling)
Chain [1] Iteration: 4600 / 5000 [ 92%]  (Sampling)
Chain [4] Iteration: 4600 / 5000 [ 92%]  (Sampling)
Chain [3] Iteration: 4700 / 5000 [ 94%]  (Sampling)
Chain [2] Iteration: 4700 / 5000 [ 94%]  (Sampling)
Chain [1] Iteration: 4700 / 5000 [ 94%]  (Sampling)
Chain [4] Iteration: 4700 / 5000 [ 94%]  (Sampling)
Chain [3] Iteration: 4800 / 5000 [ 96%]  (Sampling)
Chain [2] Iteration: 4800 / 5000 [ 96%]  (Sampling)
Chain [1] Iteration: 4800 / 5000 [ 96%]  (Sampling)
Chain [4] Iteration: 4800 / 5000 [ 96%]  (Sampling)
Chain [3] Iteration: 4900 / 5000 [ 98%]  (Sampling)
Chain [2] Iteration: 4900 / 5000 [ 98%]  (Sampling)
Chain [1] Iteration: 4900 / 5000 [ 98%]  (Sampling)
Chain [4] Iteration: 4900 / 5000 [ 98%]  (Sampling)
Chain [3] Iteration: 5000 / 5000 [100%]  (Sampling)
Chain [3] 
Chain [3] Elapsed Time: 1319.67 seconds (Warm-up)
Chain [3] 1151.02 seconds (Sampling)
Chain [3] 2470.69 seconds (Total)
Chain [3] 
Chain [3] 
22:48:30 - cmdstanpy - INFO - Chain [3] done processing
Chain [2] Iteration: 5000 / 5000 [100%]  (Sampling)
Chain [2] 
Chain [2] Elapsed Time: 1339.37 seconds (Warm-up)
Chain [2] 1151.03 seconds (Sampling)
Chain [2] 2490.4 seconds (Total)
Chain [2] 
Chain [2] 
22:48:50 - cmdstanpy - INFO - Chain [2] done processing
Chain [1] Iteration: 5000 / 5000 [100%]  (Sampling)
Chain [1] 
Chain [1] Elapsed Time: 1339.31 seconds (Warm-up)
Chain [1] 1156.02 seconds (Sampling)
Chain [1] 2495.33 seconds (Total)
Chain [1] 
Chain [1] 
22:48:55 - cmdstanpy - INFO - Chain [1] done processing
Chain [4] Iteration: 5000 / 5000 [100%]  (Sampling)
Chain [4] 
Chain [4] Elapsed Time: 1352.31 seconds (Warm-up)
Chain [4] 1147.64 seconds (Sampling)
Chain [4] 2499.96 seconds (Total)
Chain [4] 
Chain [4] 
22:48:59 - cmdstanpy - INFO - Chain [4] done processing
22:48:59 - cmdstanpy - WARNING - Non-fatal error during sampling:
Exception: normal_lcdf: Scale parameter is 0, but must be positive! (in 'vl_trans.stan', line 517, column 6 to column 95)
	Exception: normal_lcdf: Scale parameter is 0, but must be positive! (in 'vl_trans.stan', line 517, column 6 to column 95)
	Exception: normal_lcdf: Location parameter is inf, but must be finite! (in 'vl_trans.stan', line 517, column 6 to column 95)
	Exception: normal_lcdf: Location parameter is inf, but must be finite! (in 'vl_trans.stan', line 517, column 6 to column 95)
Exception: normal_lcdf: Scale parameter is 0, but must be positive! (in 'vl_trans.stan', line 517, column 6 to column 95)
	Exception: normal_lcdf: Scale parameter is 0, but must be positive! (in 'vl_trans.stan', line 517, column 6 to column 95)
	Exception: normal_lcdf: Location parameter is inf, but must be finite! (in 'vl_trans.stan', line 517, column 6 to column 95)
	Exception: normal_lcdf: Location parameter is inf, but must be finite! (in 'vl_trans.stan', line 517, column 6 to column 95)
Exception: normal_lcdf: Scale parameter is 0, but must be positive! (in 'vl_trans.stan', line 517, column 6 to column 95)
	Exception: normal_lcdf: Scale parameter is 0, but must be positive! (in 'vl_trans.stan', line 517, column 6 to column 95)
	Exception: Exception: normal_lcdf: Location parameter is inf, but must be finite! (in 'vl_trans.stan', line 35, column 4 to column 52) (in 'vl_trans.stan', line 549, column 2 to line 550, column 112)
	Exception: Exception: normal_lcdf: Location parameter is inf, but must be finite! (in 'vl_trans.stan', line 35, column 4 to column 52) (in 'vl_trans.stan', line 566, column 2 to line 567, column 106)
Exception: normal_lcdf: Scale parameter is 0, but must be positive! (in 'vl_trans.stan', line 517, column 6 to column 95)
	Exception: normal_lcdf: Scale parameter is 0, but must be positive! (in 'vl_trans.stan', line 517, column 6 to column 95)
	Exception: Exception: normal_lcdf: Location parameter is inf, but must be finite! (in 'vl_trans.stan', line 35, column 4 to column 52) (in 'vl_trans.stan', line 549, column 2 to line 550, column 112)
	Exception: Exception: normal_lcdf: Location parameter is inf, but must be finite! (in 'vl_trans.stan', line 35, column 4 to column 52) (in 'vl_trans.stan', line 566, column 2 to line 567, column 106)
level_1             0.025         0.250         0.500         0.750         0.975
variable                                                                         
lp__        -33929.783750 -33699.226500 -33577.437000 -33452.037250 -33202.310900
mu_0             4.086308      4.100848      4.108636      4.116371      4.131109
omega_mu         0.639688      0.655815      0.664500      0.673344      0.689621
sigma_0          0.502196      0.515613      0.522729      0.529964      0.543645
omega_sigma      0.193690      0.233196      0.253232      0.272891      0.309957
fnr              0.025078      0.031403      0.034813      0.038335      0.045245
txr              0.112913      0.121235      0.125528      0.129636      0.137679
theta_un_tx      0.350744      0.489619      0.532558      0.568692      0.630854
mu_un_tx         2.465279      2.874563      2.998055      3.096011      3.246114
sigma_un_tx      0.543066      0.646894      0.715008      0.800123      1.034051
theta_tx         0.870226      0.876057      0.879084      0.881795      0.886875
mu_tx            3.267702      3.355839      3.398053      3.435601      3.505224
sigma_tx         1.074836      1.123406      1.150565      1.178925      1.238865
use_param1       0.001013      0.001267      0.001420      0.001585      0.001980
use_param2       0.000071      0.000138      0.000198      0.000296      0.000878
use_param3       1.000000      1.000000      1.000000      1.000000      1.000000
beta_extra       0.005613      0.008683      0.010676      0.012958      0.017957
beta_tx          0.000307      0.003148      0.006747      0.011486      0.022329
Estimated transmission rate with a viral load of 2.3 log10 copies/mL:
      0.025     0.250     0.500     0.750     0.975
0  0.002708  0.004465  0.005929  0.008169  0.019289
Estimated transmission rate with a viral load of 3 log10 copies/mL:
      0.025     0.250     0.500     0.750     0.975
0  0.013137  0.021119  0.027438  0.036383  0.070914
