Namespace(copiesDat='data/not_shared/prox4.0_donor-noacute_recipient-exclusivelymonogamous_RCCSdata_R001_R019_all_copies_merged_d.tsv', periodDat='data/not_shared/prox4.0_donor-noacute_recipient-exclusivelymonogamous_RCCSdata_R001_R019_all_copies_merged_p_d.tsv', stan='stan/vl_trans.stan', transVL='prox', transForm='ve', vSuprMin=0.0, vSuprMax=40.0, vWin=4, linkedPeriods=None, allowSaturation=1, c=1, label='ve_unconstrained')
Fitting VL model to 9633 pre-treatment viral load measurements taken from 7105 individuals of which 8100 are above the LOD.
Fitting transmission rate model to 111 seroconversions accumulated over 1701.9192334017796 couple-years of follow-up during 1217 coupling periods among 650 couples
Using the proximal model for the relationship between viral load and transmission rate
Assuming that viral load measurements are valid for a 4 year window around the observed date
21:08:15 - cmdstanpy - INFO - Chain [1] start processing
21:08:15 - cmdstanpy - INFO - Chain [2] start processing
21:08:15 - cmdstanpy - INFO - Chain [4] start processing
21:08:15 - cmdstanpy - INFO - Chain [3] start processing
Chain [1] method = sample (Default)
Chain [1] sampleChain [2] method = sample (Default)

Chain [1] num_samples = 2500
Chain [2] sample
Chain [2] num_samples = 2500
Chain [1] num_warmup = 2500Chain [2] num_warmup = 2500

Chain [1] save_warmup = false (Default)
Chain [1] thin = 1 (Default)
Chain [2] save_warmup = false (Default)
Chain [1] adapt
Chain [2] thin = 1 (Default)
Chain [1] engaged = true (Default)
Chain [2] adaptChain [1] gamma = 0.05 (Default)

Chain [1] delta = 0.8 (Default)Chain [2] engaged = true (Default)

Chain [2] gamma = 0.05 (Default)
Chain [1] kappa = 0.75 (Default)
Chain [2] delta = 0.8 (Default)
Chain [2] kappa = 0.75 (Default)Chain [1] t0 = 10 (Default)
Chain [1] init_buffer = 75 (Default)

Chain [1] term_buffer = 50 (Default)
Chain [2] t0 = 10 (Default)Chain [1] window = 25 (Default)
Chain [1] save_metric = false (Default)

Chain [1] algorithm = hmc (Default)
Chain [2] init_buffer = 75 (Default)
Chain [1] hmc
Chain [2] term_buffer = 50 (Default)
Chain [1] engine = nuts (Default)
Chain [2] window = 25 (Default)
Chain [2] save_metric = false (Default)
Chain [1] nuts
Chain [2] algorithm = hmc (Default)
Chain [1] max_depth = 10 (Default)
Chain [2] hmcChain [1] metric = diag_e (Default)
Chain [1] metric_file =  (Default)
Chain [1] stepsize = 1 (Default)

Chain [1] stepsize_jitter = 0 (Default)
Chain [2] engine = nuts (Default)
Chain [1] num_chains = 1 (Default)Chain [2] nuts

Chain [2] max_depth = 10 (Default)Chain [1] id = 1 (Default)

Chain [1] data
Chain [2] metric = diag_e (Default)
Chain [1] file = /var/folders/ng/kyfdmtj54bbc_0vg2nh3lthr0000gn/T/tmpvut5wcqq/zz9hkwmc.json
Chain [2] metric_file =  (Default)
Chain [1] init = /var/folders/ng/kyfdmtj54bbc_0vg2nh3lthr0000gn/T/tmpvut5wcqq/o5__71df.json
Chain [2] stepsize = 1 (Default)Chain [1] random

Chain [1] seed = 60896
Chain [2] stepsize_jitter = 0 (Default)
Chain [1] output
Chain [2] num_chains = 1 (Default)
Chain [2] id = 2
Chain [1] file = /Users/michael/Dropbox/hiv_low_level_viremia/hiv_low_level_viremia_clean/output/ve_unconstrained/vl_trans-20260914210815_1.csv
Chain [2] data
Chain [1] diagnostic_file =  (Default)Chain [2] file = /var/folders/ng/kyfdmtj54bbc_0vg2nh3lthr0000gn/T/tmpvut5wcqq/zz9hkwmc.json

Chain [2] init = /var/folders/ng/kyfdmtj54bbc_0vg2nh3lthr0000gn/T/tmpvut5wcqq/o5__71df.json
Chain [1] refresh = 100 (Default)
Chain [2] random
Chain [1] sig_figs = 8 (Default)
Chain [2] seed = 60896
Chain [1] profile_file = profile.csv (Default)Chain [2] output

Chain [2] file = /Users/michael/Dropbox/hiv_low_level_viremia/hiv_low_level_viremia_clean/output/ve_unconstrained/vl_trans-20260914210815_2.csvChain [1] save_cmdstan_config = false (Default)

Chain [2] diagnostic_file =  (Default)
Chain [1] num_threads = 1 (Default)
Chain [2] refresh = 100 (Default)
Chain [1] 
Chain [2] sig_figs = 8 (Default)
Chain [2] profile_file = profile.csv (Default)
Chain [2] save_cmdstan_config = false (Default)
Chain [2] num_threads = 1 (Default)
Chain [2] 
Chain [4] method = sample (Default)
Chain [4] sample
Chain [4] num_samples = 2500
Chain [4] num_warmup = 2500
Chain [4] save_warmup = false (Default)
Chain [4] thin = 1 (Default)
Chain [4] adapt
Chain [4] engaged = true (Default)
Chain [4] gamma = 0.05 (Default)
Chain [4] delta = 0.8 (Default)
Chain [4] kappa = 0.75 (Default)
Chain [4] t0 = 10 (Default)
Chain [4] init_buffer = 75 (Default)
Chain [4] term_buffer = 50 (Default)
Chain [4] window = 25 (Default)
Chain [4] save_metric = false (Default)
Chain [4] algorithm = hmc (Default)
Chain [4] hmc
Chain [4] engine = nuts (Default)
Chain [4] nuts
Chain [4] max_depth = 10 (Default)
Chain [4] metric = diag_e (Default)
Chain [4] metric_file =  (Default)
Chain [4] stepsize = 1 (Default)
Chain [4] stepsize_jitter = 0 (Default)
Chain [4] num_chains = 1 (Default)
Chain [4] id = 4
Chain [4] data
Chain [4] file = /var/folders/ng/kyfdmtj54bbc_0vg2nh3lthr0000gn/T/tmpvut5wcqq/zz9hkwmc.json
Chain [4] init = /var/folders/ng/kyfdmtj54bbc_0vg2nh3lthr0000gn/T/tmpvut5wcqq/o5__71df.json
Chain [4] random
Chain [4] seed = 60896
Chain [4] output
Chain [4] file = /Users/michael/Dropbox/hiv_low_level_viremia/hiv_low_level_viremia_clean/output/ve_unconstrained/vl_trans-20260914210815_4.csv
Chain [4] diagnostic_file =  (Default)
Chain [4] refresh = 100 (Default)
Chain [4] sig_figs = 8 (Default)
Chain [4] profile_file = profile.csv (Default)
Chain [4] save_cmdstan_config = false (Default)
Chain [4] num_threads = 1 (Default)
Chain [4] 
Chain [3] method = sample (Default)
Chain [3] sample
Chain [3] num_samples = 2500
Chain [3] num_warmup = 2500
Chain [3] save_warmup = false (Default)
Chain [3] thin = 1 (Default)
Chain [3] adapt
Chain [3] engaged = true (Default)
Chain [3] gamma = 0.05 (Default)
Chain [3] delta = 0.8 (Default)
Chain [3] kappa = 0.75 (Default)
Chain [3] t0 = 10 (Default)
Chain [3] init_buffer = 75 (Default)
Chain [3] term_buffer = 50 (Default)
Chain [3] window = 25 (Default)
Chain [3] save_metric = false (Default)
Chain [3] algorithm = hmc (Default)
Chain [3] hmc
Chain [3] engine = nuts (Default)
Chain [3] nuts
Chain [3] max_depth = 10 (Default)
Chain [3] metric = diag_e (Default)
Chain [3] metric_file =  (Default)
Chain [3] stepsize = 1 (Default)
Chain [3] stepsize_jitter = 0 (Default)
Chain [3] num_chains = 1 (Default)
Chain [3] id = 3
Chain [3] data
Chain [3] file = /var/folders/ng/kyfdmtj54bbc_0vg2nh3lthr0000gn/T/tmpvut5wcqq/zz9hkwmc.json
Chain [3] init = /var/folders/ng/kyfdmtj54bbc_0vg2nh3lthr0000gn/T/tmpvut5wcqq/o5__71df.json
Chain [3] random
Chain [3] seed = 60896
Chain [3] output
Chain [3] file = /Users/michael/Dropbox/hiv_low_level_viremia/hiv_low_level_viremia_clean/output/ve_unconstrained/vl_trans-20260914210815_3.csv
Chain [3] diagnostic_file =  (Default)
Chain [3] refresh = 100 (Default)
Chain [3] sig_figs = 8 (Default)
Chain [3] profile_file = profile.csv (Default)
Chain [3] save_cmdstan_config = false (Default)
Chain [3] num_threads = 1 (Default)
Chain [3] 
Chain [1] Chain [2] Chain [4] 

Chain [2] Gradient evaluation took 0.018316 seconds

Chain [1] Gradient evaluation took 0.018013 secondsChain [2] 1000 transitions using 10 leapfrog steps per transition would take 183.16 seconds.
Chain [4] Gradient evaluation took 0.018285 seconds

Chain [2] Adjust your expectations accordingly!
Chain [2] 
Chain [1] 1000 transitions using 10 leapfrog steps per transition would take 180.13 seconds.
Chain [2] Chain [3] 

Chain [4] 1000 transitions using 10 leapfrog steps per transition would take 182.85 seconds.
Chain [1] Adjust your expectations accordingly!
Chain [3] Gradient evaluation took 0.017853 seconds
Chain [1] Chain [3] 1000 transitions using 10 leapfrog steps per transition would take 178.53 seconds.
Chain [4] Adjust your expectations accordingly!
Chain [4] 
Chain [4] 
Chain [1] 

Chain [3] Adjust your expectations accordingly!
Chain [3] 
Chain [3] 
Chain [3] Informational Message: The current Metropolis proposal is about to be rejected because of the following issue:Chain [2] Informational Message: The current Metropolis proposal is about to be rejected because of the following issue:

Chain [3] Exception: normal_lcdf: Scale parameter is 0, but must be positive! (in 'vl_trans.stan', line 517, column 6 to column 95)
Chain [4] Informational Message: The current Metropolis proposal is about to be rejected because of the following issue:
Chain [4] Exception: normal_lcdf: Scale parameter is 0, but must be positive! (in 'vl_trans.stan', line 517, column 6 to column 95)
Chain [2] Exception: normal_lcdf: Scale parameter is 0, but must be positive! (in 'vl_trans.stan', line 517, column 6 to column 95)
Chain [2] If this warning occurs sporadically, such as for highly constrained variable types like covariance matrices, then the sampler is fine,
Chain [2] but if this warning occurs often then your model may be either severely ill-conditioned or misspecified.Chain [4] If this warning occurs sporadically, such as for highly constrained variable types like covariance matrices, then the sampler is fine,
Chain [3] If this warning occurs sporadically, such as for highly constrained variable types like covariance matrices, then the sampler is fine,

Chain [4] but if this warning occurs often then your model may be either severely ill-conditioned or misspecified.Chain [2] Chain [3] but if this warning occurs often then your model may be either severely ill-conditioned or misspecified.

Chain [3] 
Chain [4] 

Chain [1] Informational Message: The current Metropolis proposal is about to be rejected because of the following issue:
Chain [1] Exception: normal_lcdf: Scale parameter is 0, but must be positive! (in 'vl_trans.stan', line 517, column 6 to column 95)
Chain [1] If this warning occurs sporadically, such as for highly constrained variable types like covariance matrices, then the sampler is fine,
Chain [1] but if this warning occurs often then your model may be either severely ill-conditioned or misspecified.
Chain [1] 
Chain [2] Informational Message: The current Metropolis proposal is about to be rejected because of the following issue:
Chain [4] Informational Message: The current Metropolis proposal is about to be rejected because of the following issue:
Chain [3] Informational Message: The current Metropolis proposal is about to be rejected because of the following issue:
Chain [3] Exception: normal_lcdf: Scale parameter is 0, but must be positive! (in 'vl_trans.stan', line 517, column 6 to column 95)Chain [4] Exception: normal_lcdf: Scale parameter is 0, but must be positive! (in 'vl_trans.stan', line 517, column 6 to column 95)
Chain [4] If this warning occurs sporadically, such as for highly constrained variable types like covariance matrices, then the sampler is fine,
Chain [4] but if this warning occurs often then your model may be either severely ill-conditioned or misspecified.
Chain [4] 
Chain [2] Exception: normal_lcdf: Scale parameter is 0, but must be positive! (in 'vl_trans.stan', line 517, column 6 to column 95)
Chain [2] If this warning occurs sporadically, such as for highly constrained variable types like covariance matrices, then the sampler is fine,
Chain [2] but if this warning occurs often then your model may be either severely ill-conditioned or misspecified.
Chain [2] 

Chain [3] If this warning occurs sporadically, such as for highly constrained variable types like covariance matrices, then the sampler is fine,
Chain [3] but if this warning occurs often then your model may be either severely ill-conditioned or misspecified.
Chain [3] 
Chain [1] Informational Message: The current Metropolis proposal is about to be rejected because of the following issue:
Chain [1] Exception: normal_lcdf: Scale parameter is 0, but must be positive! (in 'vl_trans.stan', line 517, column 6 to column 95)
Chain [1] If this warning occurs sporadically, such as for highly constrained variable types like covariance matrices, then the sampler is fine,
Chain [1] but if this warning occurs often then your model may be either severely ill-conditioned or misspecified.
Chain [1] 
Chain [4] Iteration:    1 / 5000 [  0%]  (Warmup)
Chain [2] Iteration:    1 / 5000 [  0%]  (Warmup)
Chain [1] Iteration:    1 / 5000 [  0%]  (Warmup)
Chain [3] Iteration:    1 / 5000 [  0%]  (Warmup)
Chain [1] Informational Message: The current Metropolis proposal is about to be rejected because of the following issue:
Chain [1] Exception: normal_lcdf: Location parameter is inf, but must be finite! (in 'vl_trans.stan', line 517, column 6 to column 95)
Chain [1] If this warning occurs sporadically, such as for highly constrained variable types like covariance matrices, then the sampler is fine,
Chain [1] but if this warning occurs often then your model may be either severely ill-conditioned or misspecified.
Chain [1] 
Chain [4] Informational Message: The current Metropolis proposal is about to be rejected because of the following issue:
Chain [4] Exception: normal_lcdf: Location parameter is inf, but must be finite! (in 'vl_trans.stan', line 517, column 6 to column 95)
Chain [4] If this warning occurs sporadically, such as for highly constrained variable types like covariance matrices, then the sampler is fine,
Chain [4] but if this warning occurs often then your model may be either severely ill-conditioned or misspecified.
Chain [4] 
Chain [3] Informational Message: The current Metropolis proposal is about to be rejected because of the following issue:
Chain [3] Exception: normal_lcdf: Location parameter is inf, but must be finite! (in 'vl_trans.stan', line 517, column 6 to column 95)
Chain [3] If this warning occurs sporadically, such as for highly constrained variable types like covariance matrices, then the sampler is fine,
Chain [3] but if this warning occurs often then your model may be either severely ill-conditioned or misspecified.
Chain [3] 
Chain [1] Informational Message: The current Metropolis proposal is about to be rejected because of the following issue:
Chain [1] Exception: normal_lcdf: Location parameter is inf, but must be finite! (in 'vl_trans.stan', line 517, column 6 to column 95)
Chain [1] If this warning occurs sporadically, such as for highly constrained variable types like covariance matrices, then the sampler is fine,
Chain [1] but if this warning occurs often then your model may be either severely ill-conditioned or misspecified.
Chain [1] 
Chain [4] Informational Message: The current Metropolis proposal is about to be rejected because of the following issue:
Chain [4] Exception: normal_lcdf: Location parameter is inf, but must be finite! (in 'vl_trans.stan', line 517, column 6 to column 95)
Chain [4] If this warning occurs sporadically, such as for highly constrained variable types like covariance matrices, then the sampler is fine,
Chain [4] but if this warning occurs often then your model may be either severely ill-conditioned or misspecified.
Chain [4] 
Chain [3] Informational Message: The current Metropolis proposal is about to be rejected because of the following issue:
Chain [3] Exception: normal_lcdf: Location parameter is inf, but must be finite! (in 'vl_trans.stan', line 517, column 6 to column 95)
Chain [3] If this warning occurs sporadically, such as for highly constrained variable types like covariance matrices, then the sampler is fine,
Chain [3] but if this warning occurs often then your model may be either severely ill-conditioned or misspecified.
Chain [3] 
Chain [2] Informational Message: The current Metropolis proposal is about to be rejected because of the following issue:
Chain [2] Exception: Exception: normal_lcdf: Scale parameter is 0, but must be positive! (in 'vl_trans.stan', line 35, column 4 to column 52) (in 'vl_trans.stan', line 549, column 2 to line 550, column 112)
Chain [2] If this warning occurs sporadically, such as for highly constrained variable types like covariance matrices, then the sampler is fine,
Chain [2] but if this warning occurs often then your model may be either severely ill-conditioned or misspecified.
Chain [2] 
Chain [2] Informational Message: The current Metropolis proposal is about to be rejected because of the following issue:
Chain [2] Exception: lognormal_lpdf: Scale parameter[1] is inf, but must be positive finite! (in 'vl_trans.stan', line 949, column 2 to line 952, column 54)
Chain [2] If this warning occurs sporadically, such as for highly constrained variable types like covariance matrices, then the sampler is fine,
Chain [2] but if this warning occurs often then your model may be either severely ill-conditioned or misspecified.
Chain [2] 
Chain [3] Iteration:  100 / 5000 [  2%]  (Warmup)
Chain [1] Iteration:  100 / 5000 [  2%]  (Warmup)
Chain [4] Iteration:  100 / 5000 [  2%]  (Warmup)
Chain [2] Iteration:  100 / 5000 [  2%]  (Warmup)
Chain [3] Iteration:  200 / 5000 [  4%]  (Warmup)
Chain [1] Iteration:  200 / 5000 [  4%]  (Warmup)
Chain [4] Iteration:  200 / 5000 [  4%]  (Warmup)
Chain [2] Iteration:  200 / 5000 [  4%]  (Warmup)
Chain [3] Iteration:  300 / 5000 [  6%]  (Warmup)
Chain [1] Iteration:  300 / 5000 [  6%]  (Warmup)
Chain [4] Iteration:  300 / 5000 [  6%]  (Warmup)
Chain [2] Iteration:  300 / 5000 [  6%]  (Warmup)
Chain [3] Iteration:  400 / 5000 [  8%]  (Warmup)
Chain [1] Iteration:  400 / 5000 [  8%]  (Warmup)
Chain [4] Iteration:  400 / 5000 [  8%]  (Warmup)
Chain [2] Iteration:  400 / 5000 [  8%]  (Warmup)
Chain [3] Iteration:  500 / 5000 [ 10%]  (Warmup)
Chain [1] Iteration:  500 / 5000 [ 10%]  (Warmup)
Chain [4] Iteration:  500 / 5000 [ 10%]  (Warmup)
Chain [2] Iteration:  500 / 5000 [ 10%]  (Warmup)
Chain [3] Iteration:  600 / 5000 [ 12%]  (Warmup)
Chain [1] Iteration:  600 / 5000 [ 12%]  (Warmup)
Chain [4] Iteration:  600 / 5000 [ 12%]  (Warmup)
Chain [2] Iteration:  600 / 5000 [ 12%]  (Warmup)
Chain [3] Iteration:  700 / 5000 [ 14%]  (Warmup)
Chain [1] Iteration:  700 / 5000 [ 14%]  (Warmup)
Chain [4] Iteration:  700 / 5000 [ 14%]  (Warmup)
Chain [2] Iteration:  700 / 5000 [ 14%]  (Warmup)
Chain [3] Iteration:  800 / 5000 [ 16%]  (Warmup)
Chain [1] Iteration:  800 / 5000 [ 16%]  (Warmup)
Chain [4] Iteration:  800 / 5000 [ 16%]  (Warmup)
Chain [2] Iteration:  800 / 5000 [ 16%]  (Warmup)
Chain [3] Iteration:  900 / 5000 [ 18%]  (Warmup)
Chain [1] Iteration:  900 / 5000 [ 18%]  (Warmup)
Chain [4] Iteration:  900 / 5000 [ 18%]  (Warmup)
Chain [2] Iteration:  900 / 5000 [ 18%]  (Warmup)
Chain [3] Iteration: 1000 / 5000 [ 20%]  (Warmup)
Chain [1] Iteration: 1000 / 5000 [ 20%]  (Warmup)
Chain [4] Iteration: 1000 / 5000 [ 20%]  (Warmup)
Chain [3] Iteration: 1100 / 5000 [ 22%]  (Warmup)
Chain [2] Iteration: 1000 / 5000 [ 20%]  (Warmup)
Chain [1] Iteration: 1100 / 5000 [ 22%]  (Warmup)
Chain [4] Iteration: 1100 / 5000 [ 22%]  (Warmup)
Chain [3] Iteration: 1200 / 5000 [ 24%]  (Warmup)
Chain [2] Iteration: 1100 / 5000 [ 22%]  (Warmup)
Chain [1] Iteration: 1200 / 5000 [ 24%]  (Warmup)
Chain [4] Iteration: 1200 / 5000 [ 24%]  (Warmup)
Chain [3] Iteration: 1300 / 5000 [ 26%]  (Warmup)
Chain [2] Iteration: 1200 / 5000 [ 24%]  (Warmup)
Chain [1] Iteration: 1300 / 5000 [ 26%]  (Warmup)
Chain [4] Iteration: 1300 / 5000 [ 26%]  (Warmup)
Chain [3] Iteration: 1400 / 5000 [ 28%]  (Warmup)
Chain [2] Iteration: 1300 / 5000 [ 26%]  (Warmup)
Chain [1] Iteration: 1400 / 5000 [ 28%]  (Warmup)
Chain [4] Iteration: 1400 / 5000 [ 28%]  (Warmup)
Chain [3] Iteration: 1500 / 5000 [ 30%]  (Warmup)
Chain [2] Iteration: 1400 / 5000 [ 28%]  (Warmup)
Chain [1] Iteration: 1500 / 5000 [ 30%]  (Warmup)
Chain [4] Iteration: 1500 / 5000 [ 30%]  (Warmup)
Chain [3] Iteration: 1600 / 5000 [ 32%]  (Warmup)
Chain [2] Iteration: 1500 / 5000 [ 30%]  (Warmup)
Chain [1] Iteration: 1600 / 5000 [ 32%]  (Warmup)
Chain [4] Iteration: 1600 / 5000 [ 32%]  (Warmup)
Chain [3] Iteration: 1700 / 5000 [ 34%]  (Warmup)
Chain [2] Iteration: 1600 / 5000 [ 32%]  (Warmup)
Chain [1] Iteration: 1700 / 5000 [ 34%]  (Warmup)
Chain [4] Iteration: 1700 / 5000 [ 34%]  (Warmup)
Chain [3] Iteration: 1800 / 5000 [ 36%]  (Warmup)
Chain [2] Iteration: 1700 / 5000 [ 34%]  (Warmup)
Chain [1] Iteration: 1800 / 5000 [ 36%]  (Warmup)
Chain [4] Iteration: 1800 / 5000 [ 36%]  (Warmup)
Chain [3] Iteration: 1900 / 5000 [ 38%]  (Warmup)
Chain [2] Iteration: 1800 / 5000 [ 36%]  (Warmup)
Chain [1] Iteration: 1900 / 5000 [ 38%]  (Warmup)
Chain [4] Iteration: 1900 / 5000 [ 38%]  (Warmup)
Chain [3] Iteration: 2000 / 5000 [ 40%]  (Warmup)
Chain [2] Iteration: 1900 / 5000 [ 38%]  (Warmup)
Chain [1] Iteration: 2000 / 5000 [ 40%]  (Warmup)
Chain [4] Iteration: 2000 / 5000 [ 40%]  (Warmup)
Chain [3] Iteration: 2100 / 5000 [ 42%]  (Warmup)
Chain [2] Iteration: 2000 / 5000 [ 40%]  (Warmup)
Chain [1] Iteration: 2100 / 5000 [ 42%]  (Warmup)
Chain [4] Iteration: 2100 / 5000 [ 42%]  (Warmup)
Chain [3] Iteration: 2200 / 5000 [ 44%]  (Warmup)
Chain [2] Iteration: 2100 / 5000 [ 42%]  (Warmup)
Chain [1] Iteration: 2200 / 5000 [ 44%]  (Warmup)
Chain [4] Iteration: 2200 / 5000 [ 44%]  (Warmup)
Chain [3] Iteration: 2300 / 5000 [ 46%]  (Warmup)
Chain [2] Iteration: 2200 / 5000 [ 44%]  (Warmup)
Chain [1] Iteration: 2300 / 5000 [ 46%]  (Warmup)
Chain [3] Iteration: 2400 / 5000 [ 48%]  (Warmup)
Chain [4] Iteration: 2300 / 5000 [ 46%]  (Warmup)
Chain [2] Iteration: 2300 / 5000 [ 46%]  (Warmup)
Chain [1] Iteration: 2400 / 5000 [ 48%]  (Warmup)
Chain [4] Iteration: 2400 / 5000 [ 48%]  (Warmup)
Chain [3] Iteration: 2500 / 5000 [ 50%]  (Warmup)
Chain [2] Iteration: 2400 / 5000 [ 48%]  (Warmup)
Chain [3] Iteration: 2501 / 5000 [ 50%]  (Sampling)
Chain [1] Iteration: 2500 / 5000 [ 50%]  (Warmup)
Chain [1] Iteration: 2501 / 5000 [ 50%]  (Sampling)
Chain [4] Iteration: 2500 / 5000 [ 50%]  (Warmup)
Chain [4] Iteration: 2501 / 5000 [ 50%]  (Sampling)
Chain [2] Iteration: 2500 / 5000 [ 50%]  (Warmup)
Chain [2] Iteration: 2501 / 5000 [ 50%]  (Sampling)
Chain [3] Iteration: 2600 / 5000 [ 52%]  (Sampling)
Chain [4] Iteration: 2600 / 5000 [ 52%]  (Sampling)
Chain [2] Iteration: 2600 / 5000 [ 52%]  (Sampling)
Chain [1] Iteration: 2600 / 5000 [ 52%]  (Sampling)
Chain [4] Iteration: 2700 / 5000 [ 54%]  (Sampling)
Chain [2] Iteration: 2700 / 5000 [ 54%]  (Sampling)
Chain [3] Iteration: 2700 / 5000 [ 54%]  (Sampling)
Chain [4] Iteration: 2800 / 5000 [ 56%]  (Sampling)
Chain [2] Iteration: 2800 / 5000 [ 56%]  (Sampling)
Chain [1] Iteration: 2700 / 5000 [ 54%]  (Sampling)
Chain [4] Iteration: 2900 / 5000 [ 58%]  (Sampling)
Chain [2] Iteration: 2900 / 5000 [ 58%]  (Sampling)
Chain [3] Iteration: 2800 / 5000 [ 56%]  (Sampling)
Chain [4] Iteration: 3000 / 5000 [ 60%]  (Sampling)
Chain [2] Iteration: 3000 / 5000 [ 60%]  (Sampling)
Chain [1] Iteration: 2800 / 5000 [ 56%]  (Sampling)
Chain [4] Iteration: 3100 / 5000 [ 62%]  (Sampling)
Chain [2] Iteration: 3100 / 5000 [ 62%]  (Sampling)
Chain [3] Iteration: 2900 / 5000 [ 58%]  (Sampling)
Chain [4] Iteration: 3200 / 5000 [ 64%]  (Sampling)
Chain [1] Iteration: 2900 / 5000 [ 58%]  (Sampling)
Chain [2] Iteration: 3200 / 5000 [ 64%]  (Sampling)
Chain [4] Iteration: 3300 / 5000 [ 66%]  (Sampling)
Chain [2] Iteration: 3300 / 5000 [ 66%]  (Sampling)
Chain [3] Iteration: 3000 / 5000 [ 60%]  (Sampling)
Chain [4] Iteration: 3400 / 5000 [ 68%]  (Sampling)
Chain [1] Iteration: 3000 / 5000 [ 60%]  (Sampling)
Chain [2] Iteration: 3400 / 5000 [ 68%]  (Sampling)
Chain [4] Iteration: 3500 / 5000 [ 70%]  (Sampling)
Chain [2] Iteration: 3500 / 5000 [ 70%]  (Sampling)
Chain [3] Iteration: 3100 / 5000 [ 62%]  (Sampling)
Chain [4] Iteration: 3600 / 5000 [ 72%]  (Sampling)
Chain [1] Iteration: 3100 / 5000 [ 62%]  (Sampling)
Chain [2] Iteration: 3600 / 5000 [ 72%]  (Sampling)
Chain [4] Iteration: 3700 / 5000 [ 74%]  (Sampling)
Chain [2] Iteration: 3700 / 5000 [ 74%]  (Sampling)
Chain [3] Iteration: 3200 / 5000 [ 64%]  (Sampling)
Chain [1] Iteration: 3200 / 5000 [ 64%]  (Sampling)
Chain [4] Iteration: 3800 / 5000 [ 76%]  (Sampling)
Chain [2] Iteration: 3800 / 5000 [ 76%]  (Sampling)
Chain [4] Iteration: 3900 / 5000 [ 78%]  (Sampling)
Chain [3] Iteration: 3300 / 5000 [ 66%]  (Sampling)
Chain [2] Iteration: 3900 / 5000 [ 78%]  (Sampling)
Chain [1] Iteration: 3300 / 5000 [ 66%]  (Sampling)
Chain [4] Iteration: 4000 / 5000 [ 80%]  (Sampling)
Chain [2] Iteration: 4000 / 5000 [ 80%]  (Sampling)
Chain [4] Iteration: 4100 / 5000 [ 82%]  (Sampling)
Chain [3] Iteration: 3400 / 5000 [ 68%]  (Sampling)
Chain [2] Iteration: 4100 / 5000 [ 82%]  (Sampling)
Chain [1] Iteration: 3400 / 5000 [ 68%]  (Sampling)
Chain [4] Iteration: 4200 / 5000 [ 84%]  (Sampling)
Chain [2] Iteration: 4200 / 5000 [ 84%]  (Sampling)
Chain [4] Iteration: 4300 / 5000 [ 86%]  (Sampling)
Chain [3] Iteration: 3500 / 5000 [ 70%]  (Sampling)
Chain [2] Iteration: 4300 / 5000 [ 86%]  (Sampling)
Chain [1] Iteration: 3500 / 5000 [ 70%]  (Sampling)
Chain [4] Iteration: 4400 / 5000 [ 88%]  (Sampling)
Chain [2] Iteration: 4400 / 5000 [ 88%]  (Sampling)
Chain [3] Iteration: 3600 / 5000 [ 72%]  (Sampling)
Chain [4] Iteration: 4500 / 5000 [ 90%]  (Sampling)
Chain [2] Iteration: 4500 / 5000 [ 90%]  (Sampling)
Chain [1] Iteration: 3600 / 5000 [ 72%]  (Sampling)
Chain [4] Iteration: 4600 / 5000 [ 92%]  (Sampling)
Chain [2] Iteration: 4600 / 5000 [ 92%]  (Sampling)
Chain [3] Iteration: 3700 / 5000 [ 74%]  (Sampling)
Chain [4] Iteration: 4700 / 5000 [ 94%]  (Sampling)
Chain [2] Iteration: 4700 / 5000 [ 94%]  (Sampling)
Chain [1] Iteration: 3700 / 5000 [ 74%]  (Sampling)
Chain [4] Iteration: 4800 / 5000 [ 96%]  (Sampling)
Chain [2] Iteration: 4800 / 5000 [ 96%]  (Sampling)
Chain [3] Iteration: 3800 / 5000 [ 76%]  (Sampling)
Chain [4] Iteration: 4900 / 5000 [ 98%]  (Sampling)
Chain [2] Iteration: 4900 / 5000 [ 98%]  (Sampling)
Chain [1] Iteration: 3800 / 5000 [ 76%]  (Sampling)
Chain [4] Iteration: 5000 / 5000 [100%]  (Sampling)
Chain [4] 
Chain [4] Elapsed Time: 1199.19 seconds (Warm-up)
Chain [4] 1516.72 seconds (Sampling)
Chain [4] 2715.9 seconds (Total)
Chain [4] 
Chain [4] 
21:53:32 - cmdstanpy - INFO - Chain [4] done processing
Chain [2] Iteration: 5000 / 5000 [100%]  (Sampling)
Chain [2] 
Chain [2] Elapsed Time: 1201.6 seconds (Warm-up)
Chain [2] 1524.65 seconds (Sampling)
Chain [2] 2726.25 seconds (Total)
Chain [2] 
Chain [2] 
21:53:42 - cmdstanpy - INFO - Chain [2] done processing
Chain [3] Iteration: 3900 / 5000 [ 78%]  (Sampling)
Chain [1] Iteration: 3900 / 5000 [ 78%]  (Sampling)
Chain [3] Iteration: 4000 / 5000 [ 80%]  (Sampling)
Chain [1] Iteration: 4000 / 5000 [ 80%]  (Sampling)
Chain [3] Iteration: 4100 / 5000 [ 82%]  (Sampling)
Chain [1] Iteration: 4100 / 5000 [ 82%]  (Sampling)
Chain [3] Iteration: 4200 / 5000 [ 84%]  (Sampling)
Chain [1] Iteration: 4200 / 5000 [ 84%]  (Sampling)
Chain [3] Iteration: 4300 / 5000 [ 86%]  (Sampling)
Chain [1] Iteration: 4300 / 5000 [ 86%]  (Sampling)
Chain [3] Iteration: 4400 / 5000 [ 88%]  (Sampling)
Chain [1] Iteration: 4400 / 5000 [ 88%]  (Sampling)
Chain [3] Iteration: 4500 / 5000 [ 90%]  (Sampling)
Chain [1] Iteration: 4500 / 5000 [ 90%]  (Sampling)
Chain [3] Iteration: 4600 / 5000 [ 92%]  (Sampling)
Chain [1] Iteration: 4600 / 5000 [ 92%]  (Sampling)
Chain [3] Iteration: 4700 / 5000 [ 94%]  (Sampling)
Chain [1] Iteration: 4700 / 5000 [ 94%]  (Sampling)
Chain [3] Iteration: 4800 / 5000 [ 96%]  (Sampling)
Chain [1] Iteration: 4800 / 5000 [ 96%]  (Sampling)
Chain [3] Iteration: 4900 / 5000 [ 98%]  (Sampling)
Chain [1] Iteration: 4900 / 5000 [ 98%]  (Sampling)
Chain [3] Iteration: 5000 / 5000 [100%]  (Sampling)
Chain [3] 
Chain [3] Elapsed Time: 1177.95 seconds (Warm-up)
Chain [3] 2088.63 seconds (Sampling)
Chain [3] 3266.59 seconds (Total)
Chain [3] 
Chain [3] 
22:02:42 - cmdstanpy - INFO - Chain [3] done processing
Chain [1] Iteration: 5000 / 5000 [100%]  (Sampling)
Chain [1] 
Chain [1] Elapsed Time: 1191.09 seconds (Warm-up)
Chain [1] 2088.78 seconds (Sampling)
Chain [1] 3279.87 seconds (Total)
Chain [1] 
Chain [1] 
22:02:56 - cmdstanpy - INFO - Chain [1] done processing
22:02:56 - cmdstanpy - WARNING - Non-fatal error during sampling:
Exception: normal_lcdf: Scale parameter is 0, but must be positive! (in 'vl_trans.stan', line 517, column 6 to column 95)
	Exception: normal_lcdf: Scale parameter is 0, but must be positive! (in 'vl_trans.stan', line 517, column 6 to column 95)
	Exception: normal_lcdf: Location parameter is inf, but must be finite! (in 'vl_trans.stan', line 517, column 6 to column 95)
	Exception: normal_lcdf: Location parameter is inf, but must be finite! (in 'vl_trans.stan', line 517, column 6 to column 95)
Exception: normal_lcdf: Scale parameter is 0, but must be positive! (in 'vl_trans.stan', line 517, column 6 to column 95)
	Exception: normal_lcdf: Scale parameter is 0, but must be positive! (in 'vl_trans.stan', line 517, column 6 to column 95)
	Exception: Exception: normal_lcdf: Scale parameter is 0, but must be positive! (in 'vl_trans.stan', line 35, column 4 to column 52) (in 'vl_trans.stan', line 549, column 2 to line 550, column 112)
	Exception: lognormal_lpdf: Scale parameter[1] is inf, but must be positive finite! (in 'vl_trans.stan', line 949, column 2 to line 952, column 54)
Exception: normal_lcdf: Scale parameter is 0, but must be positive! (in 'vl_trans.stan', line 517, column 6 to column 95)
	Exception: normal_lcdf: Scale parameter is 0, but must be positive! (in 'vl_trans.stan', line 517, column 6 to column 95)
	Exception: normal_lcdf: Location parameter is inf, but must be finite! (in 'vl_trans.stan', line 517, column 6 to column 95)
	Exception: normal_lcdf: Location parameter is inf, but must be finite! (in 'vl_trans.stan', line 517, column 6 to column 95)
Exception: normal_lcdf: Scale parameter is 0, but must be positive! (in 'vl_trans.stan', line 517, column 6 to column 95)
	Exception: normal_lcdf: Scale parameter is 0, but must be positive! (in 'vl_trans.stan', line 517, column 6 to column 95)
	Exception: normal_lcdf: Location parameter is inf, but must be finite! (in 'vl_trans.stan', line 517, column 6 to column 95)
	Exception: normal_lcdf: Location parameter is inf, but must be finite! (in 'vl_trans.stan', line 517, column 6 to column 95)
level_1             0.025         0.250         0.500         0.750         0.975
variable                                                                         
lp__        -33674.552675 -33449.571000 -33326.770000 -33202.771750 -32967.378975
mu_0             4.086871      4.101422      4.109164      4.116730      4.131002
omega_mu         0.638519      0.654901      0.663776      0.672716      0.688872
sigma_0          0.502720      0.516168      0.523248      0.530317      0.543732
omega_sigma      0.190323      0.231868      0.252399      0.272313      0.310410
fnr              0.025644      0.031947      0.035332      0.038854      0.046122
txr              0.112295      0.120741      0.125159      0.129296      0.137205
theta_un_tx      0.450155      0.517202      0.549571      0.580614      0.636652
mu_un_tx         2.532583      2.885633      3.004164      3.096479      3.246802
sigma_un_tx      0.537859      0.642941      0.708814      0.788172      0.994503
theta_tx         0.879049      0.883751      0.886061      0.888331      0.892602
mu_tx            3.265218      3.354384      3.395984      3.437147      3.505335
sigma_tx         1.073636      1.122691      1.150559      1.180321      1.239116
use_param1       0.001060      0.001272      0.001407      0.001564      0.001920
use_param2       0.000093      0.000198      0.000304      0.000490      0.001374
use_param3       1.000000      1.000000      1.000000      1.000000      1.000000
beta_extra       0.000271      0.002420      0.004664      0.007466      0.013591
beta_tx          0.000349      0.003333      0.006795      0.011398      0.022036
Estimated transmission rate with a viral load of 2.3 log10 copies/mL:
      0.025     0.250     0.500     0.750     0.975
0  0.003401  0.006301  0.008965  0.013323  0.030946
Estimated transmission rate with a viral load of 3 log10 copies/mL:
      0.025    0.250     0.500     0.750     0.975
0  0.016352  0.02909  0.039835  0.055394  0.096143
